Archive member included because of file (symbol)

/Users/andrei/Library/Arduino15/packages/arduino/hardware/sam/1.6.12/variants/arduino_due_x/libsam_sam3x8e_gcc_rel.a(pio.o)
                              /Users/andrei/Library/Caches/arduino/sketches/9906A5C83BE8D9A87255DFE0613F5798/libraries/Wire/Wire.cpp.o (PIO_Configure)
/Users/andrei/Library/Arduino15/packages/arduino/hardware/sam/1.6.12/variants/arduino_due_x/libsam_sam3x8e_gcc_rel.a(pmc.o)
                              /Users/andrei/Library/Caches/arduino/sketches/9906A5C83BE8D9A87255DFE0613F5798/libraries/Wire/Wire.cpp.o (pmc_enable_periph_clk)
/Users/andrei/Library/Arduino15/packages/arduino/hardware/sam/1.6.12/variants/arduino_due_x/libsam_sam3x8e_gcc_rel.a(twi.o)
                              /Users/andrei/Library/Caches/arduino/sketches/9906A5C83BE8D9A87255DFE0613F5798/libraries/Wire/Wire.cpp.o (TWI_SetClock)
/Users/andrei/Library/Arduino15/packages/arduino/hardware/sam/1.6.12/variants/arduino_due_x/libsam_sam3x8e_gcc_rel.a(system_sam3xa.o)
                              /Users/andrei/Library/Caches/arduino/sketches/9906A5C83BE8D9A87255DFE0613F5798/core/variant.cpp.o (SystemInit)
/Users/andrei/Library/Arduino15/packages/arduino/hardware/sam/1.6.12/variants/arduino_due_x/libsam_sam3x8e_gcc_rel.a(startup_sam3xa.o)
                              (Reset_Handler)
/Users/andrei/Library/Arduino15/packages/arduino/hardware/sam/1.6.12/variants/arduino_due_x/libsam_sam3x8e_gcc_rel.a(adc.o)
                              /Users/andrei/Library/Caches/arduino/sketches/9906A5C83BE8D9A87255DFE0613F5798/core/variant.cpp.o (adc_init)
/Users/andrei/Library/Arduino15/packages/arduino/hardware/sam/1.6.12/variants/arduino_due_x/libsam_sam3x8e_gcc_rel.a(uotghs.o)
                              /Users/andrei/Library/Arduino15/packages/arduino/hardware/sam/1.6.12/variants/arduino_due_x/libsam_sam3x8e_gcc_rel.a(startup_sam3xa.o) (UOTGHS_Handler)
/Users/andrei/Library/Caches/arduino/sketches/9906A5C83BE8D9A87255DFE0613F5798/../../cores/arduino_sam_arduino_due_x_e5793996de5ce91a091cca506ec99b55/core.a(Print.cpp.o)
                              /Users/andrei/Library/Caches/arduino/sketches/9906A5C83BE8D9A87255DFE0613F5798/libraries/Wire/Wire.cpp.o (Print::write(unsigned char const*, unsigned int))
/Users/andrei/Library/Caches/arduino/sketches/9906A5C83BE8D9A87255DFE0613F5798/../../cores/arduino_sam_arduino_due_x_e5793996de5ce91a091cca506ec99b55/core.a(RingBuffer.cpp.o)
                              /Users/andrei/Library/Caches/arduino/sketches/9906A5C83BE8D9A87255DFE0613F5798/core/variant.cpp.o (RingBuffer::RingBuffer())
/Users/andrei/Library/Caches/arduino/sketches/9906A5C83BE8D9A87255DFE0613F5798/../../cores/arduino_sam_arduino_due_x_e5793996de5ce91a091cca506ec99b55/core.a(UARTClass.cpp.o)
                              /Users/andrei/Library/Caches/arduino/sketches/9906A5C83BE8D9A87255DFE0613F5798/core/variant.cpp.o (UARTClass::available())
/Users/andrei/Library/Caches/arduino/sketches/9906A5C83BE8D9A87255DFE0613F5798/../../cores/arduino_sam_arduino_due_x_e5793996de5ce91a091cca506ec99b55/core.a(USARTClass.cpp.o)
                              /Users/andrei/Library/Caches/arduino/sketches/9906A5C83BE8D9A87255DFE0613F5798/core/variant.cpp.o (USARTClass::USARTClass(Usart*, IRQn, unsigned long, RingBuffer*, RingBuffer*))
/Users/andrei/Library/Caches/arduino/sketches/9906A5C83BE8D9A87255DFE0613F5798/../../cores/arduino_sam_arduino_due_x_e5793996de5ce91a091cca506ec99b55/core.a(CDC.cpp.o)
                              /Users/andrei/Library/Caches/arduino/sketches/9906A5C83BE8D9A87255DFE0613F5798/sketch/ardudueair.ino.cpp.o (Serial_::begin(unsigned long))
/Users/andrei/Library/Caches/arduino/sketches/9906A5C83BE8D9A87255DFE0613F5798/../../cores/arduino_sam_arduino_due_x_e5793996de5ce91a091cca506ec99b55/core.a(USBCore.cpp.o)
                              /Users/andrei/Library/Caches/arduino/sketches/9906A5C83BE8D9A87255DFE0613F5798/../../cores/arduino_sam_arduino_due_x_e5793996de5ce91a091cca506ec99b55/core.a(CDC.cpp.o) (USBD_Available(unsigned long))
/Users/andrei/Library/Caches/arduino/sketches/9906A5C83BE8D9A87255DFE0613F5798/../../cores/arduino_sam_arduino_due_x_e5793996de5ce91a091cca506ec99b55/core.a(WInterrupts.c.o)
                              /Users/andrei/Library/Arduino15/packages/arduino/hardware/sam/1.6.12/variants/arduino_due_x/libsam_sam3x8e_gcc_rel.a(startup_sam3xa.o) (PIOA_Handler)
/Users/andrei/Library/Caches/arduino/sketches/9906A5C83BE8D9A87255DFE0613F5798/../../cores/arduino_sam_arduino_due_x_e5793996de5ce91a091cca506ec99b55/core.a(abi.cpp.o)
                              /Users/andrei/Library/Caches/arduino/sketches/9906A5C83BE8D9A87255DFE0613F5798/libraries/Wire/Wire.cpp.o (__cxa_pure_virtual)
/Users/andrei/Library/Caches/arduino/sketches/9906A5C83BE8D9A87255DFE0613F5798/../../cores/arduino_sam_arduino_due_x_e5793996de5ce91a091cca506ec99b55/core.a(cortex_handlers.c.o)
[...]
Memory Configuration

Name             Origin             Length             Attributes
rom              0x0000000000080000 0x0000000000080000 xr
sram0            0x0000000020000000 0x0000000000010000 xrw
sram1            0x0000000020080000 0x0000000000008000 xrw
ram              0x0000000020070000 0x0000000000018000 xrw
*default*        0x0000000000000000 0xffffffffffffffff

Linker script and memory map

LOAD /Users/andrei/Library/Arduino15/packages/arduino/tools/arm-none-eabi-gcc/4.8.3-2014q1/bin/../lib/gcc/arm-none-eabi/4.8.3/armv7-m/crti.o
LOAD /Users/andrei/Library/Arduino15/packages/arduino/tools/arm-none-eabi-gcc/4.8.3-2014q1/bin/../lib/gcc/arm-none-eabi/4.8.3/armv7-m/crtbegin.o
LOAD /Users/andrei/Library/Arduino15/packages/arduino/tools/arm-none-eabi-gcc/4.8.3-2014q1/bin/../lib/gcc/arm-none-eabi/4.8.3/../../../../arm-none-eabi/lib/armv7-m/crt0.o
START GROUP
LOAD /Users/andrei/Library/Caches/arduino/sketches/9906A5C83BE8D9A87255DFE0613F5798/sketch/BME280_I2C.cpp.o
LOAD /Users/andrei/Library/Caches/arduino/sketches/9906A5C83BE8D9A87255DFE0613F5798/sketch/MQ135.cpp.o
LOAD /Users/andrei/Library/Caches/arduino/sketches/9906A5C83BE8D9A87255DFE0613F5798/sketch/ardudueair.ino.cpp.o
LOAD /Users/andrei/Library/Caches/arduino/sketches/9906A5C83BE8D9A87255DFE0613F5798/libraries/Wire/Wire.cpp.o
LOAD /Users/andrei/Library/Caches/arduino/sketches/9906A5C83BE8D9A87255DFE0613F5798/core/variant.cpp.o
LOAD /Users/andrei/Library/Arduino15/packages/arduino/hardware/sam/1.6.12/variants/arduino_due_x/libsam_sam3x8e_gcc_rel.a
LOAD /Users/andrei/Library/Caches/arduino/sketches/9906A5C83BE8D9A87255DFE0613F5798/../../cores/arduino_sam_arduino_due_x_e5793996de5ce91a091cca506ec99b55/core.a
END GROUP
LOAD /Users/andrei/Library/Arduino15/packages/arduino/tools/arm-none-eabi-gcc/4.8.3-2014q1/bin/../lib/gcc/arm-none-eabi/4.8.3/../../../../arm-none-eabi/lib/armv7-m/libm.a
LOAD /Users/andrei/Library/Arduino15/packages/arduino/tools/arm-none-eabi-gcc/4.8.3-2014q1/bin/../lib/gcc/arm-none-eabi/4.8.3/armv7-m/libgcc.a
START GROUP
LOAD /Users/andrei/Library/Arduino15/packages/arduino/tools/arm-none-eabi-gcc/4.8.3-2014q1/bin/../lib/gcc/arm-none-eabi/4.8.3/armv7-m/libgcc.a
LOAD /Users/andrei/Library/Arduino15/packages/arduino/tools/arm-none-eabi-gcc/4.8.3-2014q1/bin/../lib/gcc/arm-none-eabi/4.8.3/../../../../arm-none-eabi/lib/armv7-m/libc.a
END GROUP
LOAD /Users/andrei/Library/Arduino15/packages/arduino/tools/arm-none-eabi-gcc/4.8.3-2014q1/bin/../lib/gcc/arm-none-eabi/4.8.3/armv7-m/crtend.o
LOAD /Users/andrei/Library/Arduino15/packages/arduino/tools/arm-none-eabi-gcc/4.8.3-2014q1/bin/../lib/gcc/arm-none-eabi/4.8.3/armv7-m/crtn.o

.text           0x0000000000080000     0xa4bc
                0x0000000000080000                . = ALIGN (0x4)
                0x0000000000080000                _sfixed = .
 *(.vectors .vectors.*)
 .vectors       0x0000000000080000       0xf4 /Users/andrei/Library/Arduino15/packages/arduino/hardware/sam/1.6.12/variants/arduino_due_x/libsam_sam3x8e_gcc_rel.a(startup_sam3xa.o)
                0x0000000000080000                exception_table
 *(.text .text.* .gnu.linkonce.t.*)
 .text          0x00000000000800f4       0x54 /Users/andrei/Library/Arduino15/packages/arduino/tools/arm-none-eabi-gcc/4.8.3-2014q1/bin/../lib/gcc/arm-none-eabi/4.8.3/armv7-m/crtbegin.o
 .text._ZN10BME280_I2C15_write_registerEhh
                0x0000000000080148       0x30 /Users/andrei/Library/Caches/arduino/sketches/9906A5C83BE8D9A87255DFE0613F5798/sketch/BME280_I2C.cpp.o
                0x0000000000080148                BME280_I2C::_write_register(unsigned char, unsigned char)
 .text._ZN10BME280_I2C17_configure_sensorEv
                0x0000000000080178       0x28 /Users/andrei/Library/Caches/arduino/sketches/9906A5C83BE8D9A87255DFE0613F5798/sketch/BME280_I2C.cpp.o
                0x0000000000080178                BME280_I2C::_configure_sensor()
 .text._ZN10BME280_I2C11reconfigureEv
                0x00000000000801a0        0x4 /Users/andrei/Library/Caches/arduino/sketches/9906A5C83BE8D9A87255DFE0613F5798/sketch/BME280_I2C.cpp.o
                0x00000000000801a0                BME280_I2C::reconfigure()
 .text._ZN10BME280_I2C5resetEv
                0x00000000000801a4       0x14 /Users/andrei/Library/Caches/arduino/sketches/9906A5C83BE8D9A87255DFE0613F5798/sketch/BME280_I2C.cpp.o
                0x00000000000801a4                BME280_I2C::reset()
 .text._ZN10BME280_I2C14_read_registerEh
                0x00000000000801b8       0x38 /Users/andrei/Library/Caches/arduino/sketches/9906A5C83BE8D9A87255DFE0613F5798/sketch/BME280_I2C.cpp.o
                0x00000000000801b8                BME280_I2C::_read_register(unsigned char)
 .text._ZN10BME280_I2C12check_statusEv
                0x00000000000801f0        0x6 /Users/andrei/Library/Caches/arduino/sketches/9906A5C83BE8D9A87255DFE0613F5798/sketch/BME280_I2C.cpp.o
                0x00000000000801f0                BME280_I2C::check_status()
 .text._ZN10BME280_I2C8is_readyEv
                0x00000000000801f6       0x16 /Users/andrei/Library/Caches/arduino/sketches/9906A5C83BE8D9A87255DFE0613F5798/sketch/BME280_I2C.cpp.o
                0x00000000000801f6                BME280_I2C::is_ready()
 .text._ZN10BME280_I2C14wait_for_readyEm
                0x000000000008020c       0x2e /Users/andrei/Library/Caches/arduino/sketches/9906A5C83BE8D9A87255DFE0613F5798/sketch/BME280_I2C.cpp.o
                0x000000000008020c                BME280_I2C::wait_for_ready(unsigned long)
 *fill*         0x000000000008023a        0x2 
 .text._ZN10BME280_I2C15_read_registersEhhPh
                0x000000000008023c       0x4c /Users/andrei/Library/Caches/arduino/sketches/9906A5C83BE8D9A87255DFE0613F5798/sketch/BME280_I2C.cpp.o
                0x000000000008023c                BME280_I2C::_read_registers(unsigned char, unsigned char, unsigned char*)
 .text._ZN10BME280_I2C22_read_calibration_dataEv
                0x0000000000080288      0x136 /Users/andrei/Library/Caches/arduino/sketches/9906A5C83BE8D9A87255DFE0613F5798/sketch/BME280_I2C.cpp.o
                0x0000000000080288                BME280_I2C::_read_calibration_data()
 *fill*         0x00000000000803be        0x2 
 .text._ZN10BME280_I2CC2Eh
                0x00000000000803c0       0x58 /Users/andrei/Library/Caches/arduino/sketches/9906A5C83BE8D9A87255DFE0613F5798/sketch/BME280_I2C.cpp.o
                0x00000000000803c0                BME280_I2C::BME280_I2C(unsigned char)
                0x00000000000803c0                BME280_I2C::BME280_I2C(unsigned char)
 .text._ZN10BME280_I2C14_read_raw_dataERmS0_S0_
                0x0000000000080418       0x7e /Users/andrei/Library/Caches/arduino/sketches/9906A5C83BE8D9A87255DFE0613F5798/sketch/BME280_I2C.cpp.o
                0x0000000000080418                BME280_I2C::_read_raw_data(unsigned long&, unsigned long&, unsigned long&)
 *fill*         0x0000000000080496        0x2 
 .text._ZN10BME280_I2C21read_compensated_dataERfS0_S0_
                0x0000000000080498      0x4e0 /Users/andrei/Library/Caches/arduino/sketches/9906A5C83BE8D9A87255DFE0613F5798/sketch/BME280_I2C.cpp.o
                0x0000000000080498                BME280_I2C::read_compensated_data(float&, float&, float&)
 .text._ZN5MQ135C2Eiff
                0x0000000000080978       0x2c /Users/andrei/Library/Caches/arduino/sketches/9906A5C83BE8D9A87255DFE0613F5798/sketch/MQ135.cpp.o
                0x0000000000080978                MQ135::MQ135(int, float, float)
                0x0000000000080978                MQ135::MQ135(int, float, float)
 .text._ZN5MQ13512read_voltageEv
                0x00000000000809a4       0x24 /Users/andrei/Library/Caches/arduino/sketches/9906A5C83BE8D9A87255DFE0613F5798/sketch/MQ135.cpp.o
                0x00000000000809a4                MQ135::read_voltage()
 .text._ZN5MQ13515read_resistanceEv
                0x00000000000809c8       0x38 /Users/andrei/Library/Caches/arduino/sketches/9906A5C83BE8D9A87255DFE0613F5798/sketch/MQ135.cpp.o
                0x00000000000809c8                MQ135::read_resistance()
 .text._ZNK5MQ13522get_air_quality_statusEf
                0x0000000000080a00       0x80 /Users/andrei/Library/Caches/arduino/sketches/9906A5C83BE8D9A87255DFE0613F5798/sketch/MQ135.cpp.o
                0x0000000000080a00                MQ135::get_air_quality_status(float) const
 .text._ZNK5MQ13521get_air_quality_indexEf
                0x0000000000080a80       0x64 /Users/andrei/Library/Caches/arduino/sketches/9906A5C83BE8D9A87255DFE0613F5798/sketch/MQ135.cpp.o
                0x0000000000080a80                MQ135::get_air_quality_index(float) const
 *fill*         0x0000000000080ae4        0x4 
 .text._ZNK5MQ13518_calculate_co2_ppmEf
                0x0000000000080ae8       0x70 /Users/andrei/Library/Caches/arduino/sketches/9906A5C83BE8D9A87255DFE0613F5798/sketch/MQ135.cpp.o
                0x0000000000080ae8                MQ135::_calculate_co2_ppm(float) const
 .text._ZNK5MQ13518_calculate_nh3_ppmEf
                0x0000000000080b58       0x70 /Users/andrei/Library/Caches/arduino/sketches/9906A5C83BE8D9A87255DFE0613F5798/sketch/MQ135.cpp.o
                0x0000000000080b58                MQ135::_calculate_nh3_ppm(float) const
 .text._ZNK5MQ13522_calculate_alcohol_ppmEf
                0x0000000000080bc8       0x70 /Users/andrei/Library/Caches/arduino/sketches/9906A5C83BE8D9A87255DFE0613F5798/sketch/MQ135.cpp.o
                0x0000000000080bc8                MQ135::_calculate_alcohol_ppm(float) const
 .text._ZNK5MQ13517_compensate_ratioEfff
                0x0000000000080c38       0x70 /Users/andrei/Library/Caches/arduino/sketches/9906A5C83BE8D9A87255DFE0613F5798/sketch/MQ135.cpp.o
                0x0000000000080c38                MQ135::_compensate_ratio(float, float, float) const
 .text._ZN5MQ13516get_all_readingsEv
                0x0000000000080ca8       0xb8 /Users/andrei/Library/Caches/arduino/sketches/9906A5C83BE8D9A87255DFE0613F5798/sketch/MQ135.cpp.o
                0x0000000000080ca8                MQ135::get_all_readings()
 .text._ZN5MQ13524get_compensated_readingsEff
                0x0000000000080d60       0x5a /Users/andrei/Library/Caches/arduino/sketches/9906A5C83BE8D9A87255DFE0613F5798/sketch/MQ135.cpp.o
                0x0000000000080d60                MQ135::get_compensated_readings(float, float)
 *fill*         0x0000000000080dba        0x6 
 .text._ZN5MQ13514auto_calibrateEfff
                0x0000000000080dc0       0x98 /Users/andrei/Library/Caches/arduino/sketches/9906A5C83BE8D9A87255DFE0613F5798/sketch/MQ135.cpp.o
                0x0000000000080dc0                MQ135::auto_calibrate(float, float, float)
 .text._ZNK5MQ13513is_calibratedEv
                0x0000000000080e58        0x4 /Users/andrei/Library/Caches/arduino/sketches/9906A5C83BE8D9A87255DFE0613F5798/sketch/MQ135.cpp.o
                0x0000000000080e58                MQ135::is_calibrated() const
 .text._ZL2tsf  0x0000000000080e5c       0x20 /Users/andrei/Library/Caches/arduino/sketches/9906A5C83BE8D9A87255DFE0613F5798/sketch/ardudueair.ino.cpp.o
 .text._ZL10json_fieldPKcfi
                0x0000000000080e7c       0x44 /Users/andrei/Library/Caches/arduino/sketches/9906A5C83BE8D9A87255DFE0613F5798/sketch/ardudueair.ino.cpp.o
 .text._Z13blink_patterniii
                0x0000000000080ec0       0x36 /Users/andrei/Library/Caches/arduino/sketches/9906A5C83BE8D9A87255DFE0613F5798/sketch/ardudueair.ino.cpp.o
                0x0000000000080ec0                blink_pattern(int, int, int)
 .text._Z11blink_errori
                0x0000000000080ef6       0x28 /Users/andrei/Library/Caches/arduino/sketches/9906A5C83BE8D9A87255DFE0613F5798/sketch/ardudueair.ino.cpp.o
                0x0000000000080ef6                blink_error(int)
 *fill*         0x0000000000080f1e        0x2 
 .text.setup    0x0000000000080f20      0x518 /Users/andrei/Library/Caches/arduino/sketches/9906A5C83BE8D9A87255DFE0613F5798/sketch/ardudueair.ino.cpp.o
                0x0000000000080f20                setup
 .text.loop     0x0000000000081438      0x418 /Users/andrei/Library/Caches/arduino/sketches/9906A5C83BE8D9A87255DFE0613F5798/sketch/ardudueair.ino.cpp.o
                0x0000000000081438                loop
 .text._ZN7TwoWire5writeEPKhj
                0x0000000000081850       0x50 /Users/andrei/Library/Caches/arduino/sketches/9906A5C83BE8D9A87255DFE0613F5798/libraries/Wire/Wire.cpp.o
                0x0000000000081850                TwoWire::write(unsigned char const*, unsigned int)
 .text._ZN7TwoWire9availableEv
                0x00000000000818a0        0xc /Users/andrei/Library/Caches/arduino/sketches/9906A5C83BE8D9A87255DFE0613F5798/libraries/Wire/Wire.cpp.o
                0x00000000000818a0                TwoWire::available()
 .text._ZN7TwoWire4readEv
                0x00000000000818ac       0x1e /Users/andrei/Library/Caches/arduino/sketches/9906A5C83BE8D9A87255DFE0613F5798/libraries/Wire/Wire.cpp.o
                0x00000000000818ac                TwoWire::read()
 .text._ZN7TwoWire4peekEv
                0x00000000000818ca       0x16 /Users/andrei/Library/Caches/arduino/sketches/9906A5C83BE8D9A87255DFE0613F5798/libraries/Wire/Wire.cpp.o
                0x00000000000818ca                TwoWire::peek()
 .text._ZN7TwoWire5flushEv
                0x00000000000818e0        0x2 /Users/andrei/Library/Caches/arduino/sketches/9906A5C83BE8D9A87255DFE0613F5798/libraries/Wire/Wire.cpp.o
                0x00000000000818e0                TwoWire::flush()
 .text._ZN7TwoWire5writeEh
                0x00000000000818e2       0x3a /Users/andrei/Library/Caches/arduino/sketches/9906A5C83BE8D9A87255DFE0613F5798/libraries/Wire/Wire.cpp.o
                0x00000000000818e2                TwoWire::write(unsigned char)
 .text._ZL16TWI_WaitByteSentP3Twim.constprop.3
                0x000000000008191c       0x2c /Users/andrei/Library/Caches/arduino/sketches/9906A5C83BE8D9A87255DFE0613F5798/libraries/Wire/Wire.cpp.o
 .text._ZL24TWI_WaitTransferCompleteP3Twim.constprop.4
                0x0000000000081948       0x2c /Users/andrei/Library/Caches/arduino/sketches/9906A5C83BE8D9A87255DFE0613F5798/libraries/Wire/Wire.cpp.o
 .text._ZL9Wire_Initv
                0x0000000000081974       0x54 /Users/andrei/Library/Caches/arduino/sketches/9906A5C83BE8D9A87255DFE0613F5798/libraries/Wire/Wire.cpp.o
 .text._ZL12Wire1_Deinitv
                0x00000000000819c8       0x18 /Users/andrei/Library/Caches/arduino/sketches/9906A5C83BE8D9A87255DFE0613F5798/libraries/Wire/Wire.cpp.o
 .text._ZL11Wire_Deinitv
                0x00000000000819e0       0x18 /Users/andrei/Library/Caches/arduino/sketches/9906A5C83BE8D9A87255DFE0613F5798/libraries/Wire/Wire.cpp.o
 .text._ZL10Wire1_Initv
                0x00000000000819f8       0x54 /Users/andrei/Library/Caches/arduino/sketches/9906A5C83BE8D9A87255DFE0613F5798/libraries/Wire/Wire.cpp.o
 .text._ZN7TwoWireC2EP3TwiPFvvES3_
                0x0000000000081a4c       0x48 /Users/andrei/Library/Caches/arduino/sketches/9906A5C83BE8D9A87255DFE0613F5798/libraries/Wire/Wire.cpp.o
                0x0000000000081a4c                TwoWire::TwoWire(Twi*, void (*)(), void (*)())
                0x0000000000081a4c                TwoWire::TwoWire(Twi*, void (*)(), void (*)())
 .text._ZN7TwoWire5beginEv
                0x0000000000081a94       0x30 /Users/andrei/Library/Caches/arduino/sketches/9906A5C83BE8D9A87255DFE0613F5798/libraries/Wire/Wire.cpp.o
                0x0000000000081a94                TwoWire::begin()
 .text._ZN7TwoWire11requestFromEhhmhh
                0x0000000000081ac4       0x78 /Users/andrei/Library/Caches/arduino/sketches/9906A5C83BE8D9A87255DFE0613F5798/libraries/Wire/Wire.cpp.o
                0x0000000000081ac4                TwoWire::requestFrom(unsigned char, unsigned char, unsigned long, unsigned char, unsigned char)
 .text._ZN7TwoWire11requestFromEhhh
                0x0000000000081b3c       0x12 /Users/andrei/Library/Caches/arduino/sketches/9906A5C83BE8D9A87255DFE0613F5798/libraries/Wire/Wire.cpp.o
                0x0000000000081b3c                TwoWire::requestFrom(unsigned char, unsigned char, unsigned char)
 .text._ZN7TwoWire11requestFromEhh
                0x0000000000081b4e        0x6 /Users/andrei/Library/Caches/arduino/sketches/9906A5C83BE8D9A87255DFE0613F5798/libraries/Wire/Wire.cpp.o
                0x0000000000081b4e                TwoWire::requestFrom(unsigned char, unsigned char)
 .text._ZN7TwoWire17beginTransmissionEh
                0x0000000000081b54       0x12 /Users/andrei/Library/Caches/arduino/sketches/9906A5C83BE8D9A87255DFE0613F5798/libraries/Wire/Wire.cpp.o
                0x0000000000081b54                TwoWire::beginTransmission(unsigned char)
 .text._ZN7TwoWire15endTransmissionEh
                0x0000000000081b66       0x82 /Users/andrei/Library/Caches/arduino/sketches/9906A5C83BE8D9A87255DFE0613F5798/libraries/Wire/Wire.cpp.o
                0x0000000000081b66                TwoWire::endTransmission(unsigned char)
 .text._ZN7TwoWire15endTransmissionEv
                0x0000000000081be8        0x6 /Users/andrei/Library/Caches/arduino/sketches/9906A5C83BE8D9A87255DFE0613F5798/libraries/Wire/Wire.cpp.o
                0x0000000000081be8                TwoWire::endTransmission()
 .text._ZN7TwoWire9onServiceEv
                0x0000000000081bee      0x118 /Users/andrei/Library/Caches/arduino/sketches/9906A5C83BE8D9A87255DFE0613F5798/libraries/Wire/Wire.cpp.o
                0x0000000000081bee                TwoWire::onService()
 *fill*         0x0000000000081d06        0x2 
 .text.TWI1_Handler
                0x0000000000081d08        0xc /Users/andrei/Library/Caches/arduino/sketches/9906A5C83BE8D9A87255DFE0613F5798/libraries/Wire/Wire.cpp.o
                0x0000000000081d08                TWI1_Handler
 .text.TWI0_Handler
                0x0000000000081d14        0xc /Users/andrei/Library/Caches/arduino/sketches/9906A5C83BE8D9A87255DFE0613F5798/libraries/Wire/Wire.cpp.o
                0x0000000000081d14                TWI0_Handler
 .text.startup._GLOBAL__sub_I__ZN7TwoWireC2EP3TwiPFvvES3_
                0x0000000000081d20       0x40 /Users/andrei/Library/Caches/arduino/sketches/9906A5C83BE8D9A87255DFE0613F5798/libraries/Wire/Wire.cpp.o
 .text._Z11serialEventv
                0x0000000000081d60        0x2 /Users/andrei/Library/Caches/arduino/sketches/9906A5C83BE8D9A87255DFE0613F5798/core/variant.cpp.o
                0x0000000000081d60                serialEvent()
 *fill*         0x0000000000081d62        0x2 
 .text.UART_Handler
                0x0000000000081d64        0xc /Users/andrei/Library/Caches/arduino/sketches/9906A5C83BE8D9A87255DFE0613F5798/core/variant.cpp.o
                0x0000000000081d64                UART_Handler
 .text._Z12serialEvent1v
                0x0000000000081d70        0x2 /Users/andrei/Library/Caches/arduino/sketches/9906A5C83BE8D9A87255DFE0613F5798/core/variant.cpp.o
                0x0000000000081d70                serialEvent1()
 .text._Z12serialEvent2v
                0x0000000000081d72        0x2 /Users/andrei/Library/Caches/arduino/sketches/9906A5C83BE8D9A87255DFE0613F5798/core/variant.cpp.o
                0x0000000000081d72                serialEvent2()
 .text._Z12serialEvent3v
                0x0000000000081d74        0x2 /Users/andrei/Library/Caches/arduino/sketches/9906A5C83BE8D9A87255DFE0613F5798/core/variant.cpp.o
                0x0000000000081d74                serialEvent3()
 *fill*         0x0000000000081d76        0x2 
 .text.USART0_Handler
                0x0000000000081d78        0xc /Users/andrei/Library/Caches/arduino/sketches/9906A5C83BE8D9A87255DFE0613F5798/core/variant.cpp.o
                0x0000000000081d78                USART0_Handler
 .text.USART1_Handler
                0x0000000000081d84        0xc /Users/andrei/Library/Caches/arduino/sketches/9906A5C83BE8D9A87255DFE0613F5798/core/variant.cpp.o
                0x0000000000081d84                USART1_Handler
 .text.USART3_Handler
                0x0000000000081d90        0xc /Users/andrei/Library/Caches/arduino/sketches/9906A5C83BE8D9A87255DFE0613F5798/core/variant.cpp.o
                0x0000000000081d90                USART3_Handler
 .text.init     0x0000000000081d9c      0x128 /Users/andrei/Library/Caches/arduino/sketches/9906A5C83BE8D9A87255DFE0613F5798/core/variant.cpp.o
                0x0000000000081d9c                init
 .text.startup._GLOBAL__sub_I_g_APinDescription
                0x0000000000081ec4       0xd4 /Users/andrei/Library/Caches/arduino/sketches/9906A5C83BE8D9A87255DFE0613F5798/core/variant.cpp.o
 .text._Z14serialEventRunv
                0x0000000000081f98       0x44 /Users/andrei/Library/Caches/arduino/sketches/9906A5C83BE8D9A87255DFE0613F5798/core/variant.cpp.o
                0x0000000000081f98                serialEventRun()
 .text.PIO_PullUp
                0x0000000000081fdc        0xa /Users/andrei/Library/Arduino15/packages/arduino/hardware/sam/1.6.12/variants/arduino_due_x/libsam_sam3x8e_gcc_rel.a(pio.o)
                0x0000000000081fdc                PIO_PullUp
 .text.PIO_SetPeripheral
                0x0000000000081fe6       0x26 /Users/andrei/Library/Arduino15/packages/arduino/hardware/sam/1.6.12/variants/arduino_due_x/libsam_sam3x8e_gcc_rel.a(pio.o)
                0x0000000000081fe6                PIO_SetPeripheral
 .text.PIO_SetInput
                0x000000000008200c       0x26 /Users/andrei/Library/Arduino15/packages/arduino/hardware/sam/1.6.12/variants/arduino_due_x/libsam_sam3x8e_gcc_rel.a(pio.o)
                0x000000000008200c                PIO_SetInput
 .text.PIO_SetOutput
                0x0000000000082032       0x24 /Users/andrei/Library/Arduino15/packages/arduino/hardware/sam/1.6.12/variants/arduino_due_x/libsam_sam3x8e_gcc_rel.a(pio.o)
                0x0000000000082032                PIO_SetOutput
 *fill*         0x0000000000082056        0x2 
 .text.PIO_Configure
                0x0000000000082058       0x64 /Users/andrei/Library/Arduino15/packages/arduino/hardware/sam/1.6.12/variants/arduino_due_x/libsam_sam3x8e_gcc_rel.a(pio.o)
                0x0000000000082058                PIO_Configure
 .text.PIO_GetOutputDataStatus
                0x00000000000820bc       0x14 /Users/andrei/Library/Arduino15/packages/arduino/hardware/sam/1.6.12/variants/arduino_due_x/libsam_sam3x8e_gcc_rel.a(pio.o)
                0x00000000000820bc                PIO_GetOutputDataStatus
 .text.pmc_enable_upll_clock
                0x00000000000820d0       0x14 /Users/andrei/Library/Arduino15/packages/arduino/hardware/sam/1.6.12/variants/arduino_due_x/libsam_sam3x8e_gcc_rel.a(pmc.o)
                0x00000000000820d0                pmc_enable_upll_clock
 .text.pmc_enable_periph_clk
                0x00000000000820e4       0x44 /Users/andrei/Library/Arduino15/packages/arduino/hardware/sam/1.6.12/variants/arduino_due_x/libsam_sam3x8e_gcc_rel.a(pmc.o)
                0x00000000000820e4                pmc_enable_periph_clk
 .text.pmc_disable_periph_clk
                0x0000000000082128       0x40 /Users/andrei/Library/Arduino15/packages/arduino/hardware/sam/1.6.12/variants/arduino_due_x/libsam_sam3x8e_gcc_rel.a(pmc.o)
                0x0000000000082128                pmc_disable_periph_clk
 .text.pmc_switch_udpck_to_upllck
                0x0000000000082168       0x14 /Users/andrei/Library/Arduino15/packages/arduino/hardware/sam/1.6.12/variants/arduino_due_x/libsam_sam3x8e_gcc_rel.a(pmc.o)
                0x0000000000082168                pmc_switch_udpck_to_upllck
 .text.pmc_enable_udpck
                0x000000000008217c        0xc /Users/andrei/Library/Arduino15/packages/arduino/hardware/sam/1.6.12/variants/arduino_due_x/libsam_sam3x8e_gcc_rel.a(pmc.o)
                0x000000000008217c                pmc_enable_udpck
 .text.TWI_SetClock
                0x0000000000082188       0x58 /Users/andrei/Library/Arduino15/packages/arduino/hardware/sam/1.6.12/variants/arduino_due_x/libsam_sam3x8e_gcc_rel.a(twi.o)
                0x0000000000082188                TWI_SetClock
 .text.TWI_Disable
                0x00000000000821e0       0x2c /Users/andrei/Library/Arduino15/packages/arduino/hardware/sam/1.6.12/variants/arduino_due_x/libsam_sam3x8e_gcc_rel.a(twi.o)
                0x00000000000821e0                TWI_Disable
 .text.TWI_ConfigureMaster
                0x000000000008220c       0x48 /Users/andrei/Library/Arduino15/packages/arduino/hardware/sam/1.6.12/variants/arduino_due_x/libsam_sam3x8e_gcc_rel.a(twi.o)
                0x000000000008220c                TWI_ConfigureMaster
 .text.TWI_Stop
                0x0000000000082254       0x28 /Users/andrei/Library/Arduino15/packages/arduino/hardware/sam/1.6.12/variants/arduino_due_x/libsam_sam3x8e_gcc_rel.a(twi.o)
                0x0000000000082254                TWI_Stop
 .text.TWI_StartRead
                0x000000000008227c       0x70 /Users/andrei/Library/Arduino15/packages/arduino/hardware/sam/1.6.12/variants/arduino_due_x/libsam_sam3x8e_gcc_rel.a(twi.o)
                0x000000000008227c                TWI_StartRead
 .text.TWI_ReadByte
                0x00000000000822ec       0x28 /Users/andrei/Library/Arduino15/packages/arduino/hardware/sam/1.6.12/variants/arduino_due_x/libsam_sam3x8e_gcc_rel.a(twi.o)
                0x00000000000822ec                TWI_ReadByte
 .text.TWI_WriteByte
                0x0000000000082314       0x24 /Users/andrei/Library/Arduino15/packages/arduino/hardware/sam/1.6.12/variants/arduino_due_x/libsam_sam3x8e_gcc_rel.a(twi.o)
                0x0000000000082314                TWI_WriteByte
 .text.TWI_StartWrite
                0x0000000000082338       0x7c /Users/andrei/Library/Arduino15/packages/arduino/hardware/sam/1.6.12/variants/arduino_due_x/libsam_sam3x8e_gcc_rel.a(twi.o)
                0x0000000000082338                TWI_StartWrite
 .text.TWI_EnableIt
                0x00000000000823b4       0x40 /Users/andrei/Library/Arduino15/packages/arduino/hardware/sam/1.6.12/variants/arduino_due_x/libsam_sam3x8e_gcc_rel.a(twi.o)
                0x00000000000823b4                TWI_EnableIt
 .text.TWI_DisableIt
                0x00000000000823f4       0x40 /Users/andrei/Library/Arduino15/packages/arduino/hardware/sam/1.6.12/variants/arduino_due_x/libsam_sam3x8e_gcc_rel.a(twi.o)
                0x00000000000823f4                TWI_DisableIt
 .text.TWI_GetStatus
                0x0000000000082434       0x28 /Users/andrei/Library/Arduino15/packages/arduino/hardware/sam/1.6.12/variants/arduino_due_x/libsam_sam3x8e_gcc_rel.a(twi.o)
                0x0000000000082434                TWI_GetStatus
 .text.TWI_SendSTOPCondition
                0x000000000008245c       0x2c /Users/andrei/Library/Arduino15/packages/arduino/hardware/sam/1.6.12/variants/arduino_due_x/libsam_sam3x8e_gcc_rel.a(twi.o)
                0x000000000008245c                TWI_SendSTOPCondition
 .text.SystemInit
                0x0000000000082488       0x88 /Users/andrei/Library/Arduino15/packages/arduino/hardware/sam/1.6.12/variants/arduino_due_x/libsam_sam3x8e_gcc_rel.a(system_sam3xa.o)
                0x0000000000082488                SystemInit
 .text.Reset_Handler
                0x0000000000082510       0x78 /Users/andrei/Library/Arduino15/packages/arduino/hardware/sam/1.6.12/variants/arduino_due_x/libsam_sam3x8e_gcc_rel.a(startup_sam3xa.o)
                0x0000000000082510                Reset_Handler
 .text.adc_init
                0x0000000000082588       0x98 /Users/andrei/Library/Arduino15/packages/arduino/hardware/sam/1.6.12/variants/arduino_due_x/libsam_sam3x8e_gcc_rel.a(adc.o)
                0x0000000000082588                adc_init
 .text.adc_configure_trigger
                0x0000000000082620        0xe /Users/andrei/Library/Arduino15/packages/arduino/hardware/sam/1.6.12/variants/arduino_due_x/libsam_sam3x8e_gcc_rel.a(adc.o)
                0x0000000000082620                adc_configure_trigger
 .text.adc_configure_timing
                0x000000000008262e       0x1a /Users/andrei/Library/Arduino15/packages/arduino/hardware/sam/1.6.12/variants/arduino_due_x/libsam_sam3x8e_gcc_rel.a(adc.o)
                0x000000000008262e                adc_configure_timing
 .text.adc_start
                0x0000000000082648        0x6 /Users/andrei/Library/Arduino15/packages/arduino/hardware/sam/1.6.12/variants/arduino_due_x/libsam_sam3x8e_gcc_rel.a(adc.o)
                0x0000000000082648                adc_start
 .text.adc_enable_channel
                0x000000000008264e        0xa /Users/andrei/Library/Arduino15/packages/arduino/hardware/sam/1.6.12/variants/arduino_due_x/libsam_sam3x8e_gcc_rel.a(adc.o)
                0x000000000008264e                adc_enable_channel
 .text.adc_disable_channel
                0x0000000000082658        0xa /Users/andrei/Library/Arduino15/packages/arduino/hardware/sam/1.6.12/variants/arduino_due_x/libsam_sam3x8e_gcc_rel.a(adc.o)
                0x0000000000082658                adc_disable_channel
 .text.adc_disable_all_channel
                0x0000000000082662        0x8 /Users/andrei/Library/Arduino15/packages/arduino/hardware/sam/1.6.12/variants/arduino_due_x/libsam_sam3x8e_gcc_rel.a(adc.o)
                0x0000000000082662                adc_disable_all_channel
 .text.adc_get_channel_status
                0x000000000008266a        0xa /Users/andrei/Library/Arduino15/packages/arduino/hardware/sam/1.6.12/variants/arduino_due_x/libsam_sam3x8e_gcc_rel.a(adc.o)
                0x000000000008266a                adc_get_channel_status
 .text.adc_get_latest_value
                0x0000000000082674        0x4 /Users/andrei/Library/Arduino15/packages/arduino/hardware/sam/1.6.12/variants/arduino_due_x/libsam_sam3x8e_gcc_rel.a(adc.o)
                0x0000000000082674                adc_get_latest_value
 .text.adc_disable_interrupt
                0x0000000000082678        0x4 /Users/andrei/Library/Arduino15/packages/arduino/hardware/sam/1.6.12/variants/arduino_due_x/libsam_sam3x8e_gcc_rel.a(adc.o)
                0x0000000000082678                adc_disable_interrupt
 .text.adc_get_status
                0x000000000008267c        0x4 /Users/andrei/Library/Arduino15/packages/arduino/hardware/sam/1.6.12/variants/arduino_due_x/libsam_sam3x8e_gcc_rel.a(adc.o)
                0x000000000008267c                adc_get_status
 .text.UOTGHS_Handler
                0x0000000000082680       0x10 /Users/andrei/Library/Arduino15/packages/arduino/hardware/sam/1.6.12/variants/arduino_due_x/libsam_sam3x8e_gcc_rel.a(uotghs.o)
                0x0000000000082680                UOTGHS_Handler
 .text._ZN5Print5writeEPKhj
                0x0000000000082690       0x22 /Users/andrei/Library/Caches/arduino/sketches/9906A5C83BE8D9A87255DFE0613F5798/../../cores/arduino_sam_arduino_due_x_e5793996de5ce91a091cca506ec99b55/core.a(Print.cpp.o)
                0x0000000000082690                Print::write(unsigned char const*, unsigned int)
 .text._ZN5Print5printEmi.part.3
                0x00000000000826b2        0xc /Users/andrei/Library/Caches/arduino/sketches/9906A5C83BE8D9A87255DFE0613F5798/../../cores/arduino_sam_arduino_due_x_e5793996de5ce91a091cca506ec99b55/core.a(Print.cpp.o)
 .text._ZN5Print5writeEPKc
                0x00000000000826be       0x1e /Users/andrei/Library/Caches/arduino/sketches/9906A5C83BE8D9A87255DFE0613F5798/../../cores/arduino_sam_arduino_due_x_e5793996de5ce91a091cca506ec99b55/core.a(Print.cpp.o)
                0x00000000000826be                Print::write(char const*)
 .text._ZN5Print5printEPK19__FlashStringHelper
                0x00000000000826dc        0x8 /Users/andrei/Library/Caches/arduino/sketches/9906A5C83BE8D9A87255DFE0613F5798/../../cores/arduino_sam_arduino_due_x_e5793996de5ce91a091cca506ec99b55/core.a(Print.cpp.o)
                0x00000000000826dc                Print::print(__FlashStringHelper const*)
 .text._ZN5Print5printEPKc
                0x00000000000826e4        0x8 /Users/andrei/Library/Caches/arduino/sketches/9906A5C83BE8D9A87255DFE0613F5798/../../cores/arduino_sam_arduino_due_x_e5793996de5ce91a091cca506ec99b55/core.a(Print.cpp.o)
                0x00000000000826e4                Print::print(char const*)
 .text._ZN5Print5printEc
                0x00000000000826ec        0xa /Users/andrei/Library/Caches/arduino/sketches/9906A5C83BE8D9A87255DFE0613F5798/../../cores/arduino_sam_arduino_due_x_e5793996de5ce91a091cca506ec99b55/core.a(Print.cpp.o)
                0x00000000000826ec                Print::print(char)
 *fill*         0x00000000000826f6        0x2 
 .text._ZN5Print7printlnEv
                0x00000000000826f8       0x10 /Users/andrei/Library/Caches/arduino/sketches/9906A5C83BE8D9A87255DFE0613F5798/../../cores/arduino_sam_arduino_due_x_e5793996de5ce91a091cca506ec99b55/core.a(Print.cpp.o)
                0x00000000000826f8                Print::println()
 .text._ZN5Print7printlnEPK19__FlashStringHelper
                0x0000000000082708       0x14 /Users/andrei/Library/Caches/arduino/sketches/9906A5C83BE8D9A87255DFE0613F5798/../../cores/arduino_sam_arduino_due_x_e5793996de5ce91a091cca506ec99b55/core.a(Print.cpp.o)
                0x0000000000082708                Print::println(__FlashStringHelper const*)
 .text._ZN5Print11printNumberEmh
                0x000000000008271c       0x3e /Users/andrei/Library/Caches/arduino/sketches/9906A5C83BE8D9A87255DFE0613F5798/../../cores/arduino_sam_arduino_due_x_e5793996de5ce91a091cca506ec99b55/core.a(Print.cpp.o)
                0x000000000008271c                Print::printNumber(unsigned long, unsigned char)
 .text._ZN5Print5printEli
                0x000000000008275a       0x3c /Users/andrei/Library/Caches/arduino/sketches/9906A5C83BE8D9A87255DFE0613F5798/../../cores/arduino_sam_arduino_due_x_e5793996de5ce91a091cca506ec99b55/core.a(Print.cpp.o)
                0x000000000008275a                Print::print(long, int)
 .text._ZN5Print5printEii
                0x0000000000082796        0x4 /Users/andrei/Library/Caches/arduino/sketches/9906A5C83BE8D9A87255DFE0613F5798/../../cores/arduino_sam_arduino_due_x_e5793996de5ce91a091cca506ec99b55/core.a(Print.cpp.o)
                0x0000000000082796                Print::print(int, int)
 .text._ZN5Print5printEmi
                0x000000000008279a        0xc /Users/andrei/Library/Caches/arduino/sketches/9906A5C83BE8D9A87255DFE0613F5798/../../cores/arduino_sam_arduino_due_x_e5793996de5ce91a091cca506ec99b55/core.a(Print.cpp.o)
                0x000000000008279a                Print::print(unsigned long, int)
 *fill*         0x00000000000827a6        0x2 
 .text._ZN5Print10printFloatEdh
                0x00000000000827a8      0x148 /Users/andrei/Library/Caches/arduino/sketches/9906A5C83BE8D9A87255DFE0613F5798/../../cores/arduino_sam_arduino_due_x_e5793996de5ce91a091cca506ec99b55/core.a(Print.cpp.o)
                0x00000000000827a8                Print::printFloat(double, unsigned char)
 .text._ZN5Print5printEdi
                0x00000000000828f0        0xa /Users/andrei/Library/Caches/arduino/sketches/9906A5C83BE8D9A87255DFE0613F5798/../../cores/arduino_sam_arduino_due_x_e5793996de5ce91a091cca506ec99b55/core.a(Print.cpp.o)
                0x00000000000828f0                Print::print(double, int)
 .text._ZN10RingBufferC2Ev
                0x00000000000828fa       0x1a /Users/andrei/Library/Caches/arduino/sketches/9906A5C83BE8D9A87255DFE0613F5798/../../cores/arduino_sam_arduino_due_x_e5793996de5ce91a091cca506ec99b55/core.a(RingBuffer.cpp.o)
                0x00000000000828fa                RingBuffer::RingBuffer()
                0x00000000000828fa                RingBuffer::RingBuffer()
 .text._ZN10RingBuffer10store_charEh
                0x0000000000082914       0x1e /Users/andrei/Library/Caches/arduino/sketches/9906A5C83BE8D9A87255DFE0613F5798/../../cores/arduino_sam_arduino_due_x_e5793996de5ce91a091cca506ec99b55/core.a(RingBuffer.cpp.o)
                0x0000000000082914                RingBuffer::store_char(unsigned char)
 .text._ZN9UARTClasscvbEv
                0x0000000000082932        0x4 /Users/andrei/Library/Caches/arduino/sketches/9906A5C83BE8D9A87255DFE0613F5798/../../cores/arduino_sam_arduino_due_x_e5793996de5ce91a091cca506ec99b55/core.a(UARTClass.cpp.o)
                0x0000000000082932                UARTClass::operator bool()
 .text._ZN9UARTClass9availableEv
                0x0000000000082936       0x12 /Users/andrei/Library/Caches/arduino/sketches/9906A5C83BE8D9A87255DFE0613F5798/../../cores/arduino_sam_arduino_due_x_e5793996de5ce91a091cca506ec99b55/core.a(UARTClass.cpp.o)
                0x0000000000082936                UARTClass::available()
 .text._ZN9UARTClass4peekEv
                0x0000000000082948       0x1c /Users/andrei/Library/Caches/arduino/sketches/9906A5C83BE8D9A87255DFE0613F5798/../../cores/arduino_sam_arduino_due_x_e5793996de5ce91a091cca506ec99b55/core.a(UARTClass.cpp.o)
                0x0000000000082948                UARTClass::peek()
 .text._ZN9UARTClass4readEv
                0x0000000000082964       0x2a /Users/andrei/Library/Caches/arduino/sketches/9906A5C83BE8D9A87255DFE0613F5798/../../cores/arduino_sam_arduino_due_x_e5793996de5ce91a091cca506ec99b55/core.a(UARTClass.cpp.o)
                0x0000000000082964                UARTClass::read()
 .text._ZN9UARTClass5flushEv
                0x000000000008298e       0x18 /Users/andrei/Library/Caches/arduino/sketches/9906A5C83BE8D9A87255DFE0613F5798/../../cores/arduino_sam_arduino_due_x_e5793996de5ce91a091cca506ec99b55/core.a(UARTClass.cpp.o)
                0x000000000008298e                UARTClass::flush()
 *fill*         0x00000000000829a6        0x2 
 .text._ZN9UARTClass5writeEh
                0x00000000000829a8       0x54 /Users/andrei/Library/Caches/arduino/sketches/9906A5C83BE8D9A87255DFE0613F5798/../../cores/arduino_sam_arduino_due_x_e5793996de5ce91a091cca506ec99b55/core.a(UARTClass.cpp.o)
                0x00000000000829a8                UARTClass::write(unsigned char)
 .text._ZN9UARTClass3endEv
                0x00000000000829fc       0x3c /Users/andrei/Library/Caches/arduino/sketches/9906A5C83BE8D9A87255DFE0613F5798/../../cores/arduino_sam_arduino_due_x_e5793996de5ce91a091cca506ec99b55/core.a(UARTClass.cpp.o)
                0x00000000000829fc                UARTClass::end()
 .text._ZN9UARTClassC2EP4Uart4IRQnmP10RingBufferS4_
                0x0000000000082a38       0x24 /Users/andrei/Library/Caches/arduino/sketches/9906A5C83BE8D9A87255DFE0613F5798/../../cores/arduino_sam_arduino_due_x_e5793996de5ce91a091cca506ec99b55/core.a(UARTClass.cpp.o)
                0x0000000000082a38                UARTClass::UARTClass(Uart*, IRQn, unsigned long, RingBuffer*, RingBuffer*)
                0x0000000000082a38                UARTClass::UARTClass(Uart*, IRQn, unsigned long, RingBuffer*, RingBuffer*)
 .text._ZN9UARTClass4initEmm
                0x0000000000082a5c       0x70 /Users/andrei/Library/Caches/arduino/sketches/9906A5C83BE8D9A87255DFE0613F5798/../../cores/arduino_sam_arduino_due_x_e5793996de5ce91a091cca506ec99b55/core.a(UARTClass.cpp.o)
                0x0000000000082a5c                UARTClass::init(unsigned long, unsigned long)
 .text._ZN9UARTClass5beginEm
                0x0000000000082acc        0x8 /Users/andrei/Library/Caches/arduino/sketches/9906A5C83BE8D9A87255DFE0613F5798/../../cores/arduino_sam_arduino_due_x_e5793996de5ce91a091cca506ec99b55/core.a(UARTClass.cpp.o)
                0x0000000000082acc                UARTClass::begin(unsigned long)
 .text._ZN9UARTClass10IrqHandlerEv
                0x0000000000082ad4       0x5a /Users/andrei/Library/Caches/arduino/sketches/9906A5C83BE8D9A87255DFE0613F5798/../../cores/arduino_sam_arduino_due_x_e5793996de5ce91a091cca506ec99b55/core.a(UARTClass.cpp.o)
                0x0000000000082ad4                UARTClass::IrqHandler()
 .text._ZN10USARTClass5beginEm
                0x0000000000082b2e        0x8 /Users/andrei/Library/Caches/arduino/sketches/9906A5C83BE8D9A87255DFE0613F5798/../../cores/arduino_sam_arduino_due_x_e5793996de5ce91a091cca506ec99b55/core.a(USARTClass.cpp.o)
                0x0000000000082b2e                USARTClass::begin(unsigned long)
 *fill*         0x0000000000082b36        0x2 
 .text._ZN10USARTClassC2EP5Usart4IRQnmP10RingBufferS4_
                0x0000000000082b38       0x24 /Users/andrei/Library/Caches/arduino/sketches/9906A5C83BE8D9A87255DFE0613F5798/../../cores/arduino_sam_arduino_due_x_e5793996de5ce91a091cca506ec99b55/core.a(USARTClass.cpp.o)
                0x0000000000082b38                USARTClass::USARTClass(Usart*, IRQn, unsigned long, RingBuffer*, RingBuffer*)
                0x0000000000082b38                USARTClass::USARTClass(Usart*, IRQn, unsigned long, RingBuffer*, RingBuffer*)
 .text._ZN7Serial_9availableEv
                0x0000000000082b5c       0x18 /Users/andrei/Library/Caches/arduino/sketches/9906A5C83BE8D9A87255DFE0613F5798/../../cores/arduino_sam_arduino_due_x_e5793996de5ce91a091cca506ec99b55/core.a(CDC.cpp.o)
                0x0000000000082b5c                Serial_::available()
 .text._ZN7Serial_17availableForWriteEv
                0x0000000000082b74        0x6 /Users/andrei/Library/Caches/arduino/sketches/9906A5C83BE8D9A87255DFE0613F5798/../../cores/arduino_sam_arduino_due_x_e5793996de5ce91a091cca506ec99b55/core.a(CDC.cpp.o)
                0x0000000000082b74                Serial_::availableForWrite()
 *fill*         0x0000000000082b7a        0x2 
 .text._ZN7Serial_4peekEv
                0x0000000000082b7c       0x20 /Users/andrei/Library/Caches/arduino/sketches/9906A5C83BE8D9A87255DFE0613F5798/../../cores/arduino_sam_arduino_due_x_e5793996de5ce91a091cca506ec99b55/core.a(CDC.cpp.o)
                0x0000000000082b7c                Serial_::peek()
 .text._ZN7Serial_5writeEh
                0x0000000000082b9c       0x16 /Users/andrei/Library/Caches/arduino/sketches/9906A5C83BE8D9A87255DFE0613F5798/../../cores/arduino_sam_arduino_due_x_e5793996de5ce91a091cca506ec99b55/core.a(CDC.cpp.o)
                0x0000000000082b9c                Serial_::write(unsigned char)
 *fill*         0x0000000000082bb2        0x2 
 .text._ZN7Serial_4readEv
                0x0000000000082bb4       0x44 /Users/andrei/Library/Caches/arduino/sketches/9906A5C83BE8D9A87255DFE0613F5798/../../cores/arduino_sam_arduino_due_x_e5793996de5ce91a091cca506ec99b55/core.a(CDC.cpp.o)
                0x0000000000082bb4                Serial_::read()
 .text._ZN7Serial_5flushEv
                0x0000000000082bf8        0x6 /Users/andrei/Library/Caches/arduino/sketches/9906A5C83BE8D9A87255DFE0613F5798/../../cores/arduino_sam_arduino_due_x_e5793996de5ce91a091cca506ec99b55/core.a(CDC.cpp.o)
                0x0000000000082bf8                Serial_::flush()
 *fill*         0x0000000000082bfe        0x2 
 .text._ZN7Serial_6acceptEv
                0x0000000000082c00       0x70 /Users/andrei/Library/Caches/arduino/sketches/9906A5C83BE8D9A87255DFE0613F5798/../../cores/arduino_sam_arduino_due_x_e5793996de5ce91a091cca506ec99b55/core.a(CDC.cpp.o)
                0x0000000000082c00                Serial_::accept()
 .text._ZN7Serial_5writeEPKhj
                0x0000000000082c70       0x2c /Users/andrei/Library/Caches/arduino/sketches/9906A5C83BE8D9A87255DFE0613F5798/../../cores/arduino_sam_arduino_due_x_e5793996de5ce91a091cca506ec99b55/core.a(CDC.cpp.o)
                0x0000000000082c70                Serial_::write(unsigned char const*, unsigned int)
 .text._Z16CDC_GetInterfacePh
                0x0000000000082c9c       0x14 /Users/andrei/Library/Caches/arduino/sketches/9906A5C83BE8D9A87255DFE0613F5798/../../cores/arduino_sam_arduino_due_x_e5793996de5ce91a091cca506ec99b55/core.a(CDC.cpp.o)
                0x0000000000082c9c                CDC_GetInterface(unsigned char*)
 .text._Z21CDC_GetOtherInterfacePh
                0x0000000000082cb0       0x14 /Users/andrei/Library/Caches/arduino/sketches/9906A5C83BE8D9A87255DFE0613F5798/../../cores/arduino_sam_arduino_due_x_e5793996de5ce91a091cca506ec99b55/core.a(CDC.cpp.o)
                0x0000000000082cb0                CDC_GetOtherInterface(unsigned char*)
 .text._Z9CDC_SetupR8USBSetup
                0x0000000000082cc4       0x78 /Users/andrei/Library/Caches/arduino/sketches/9906A5C83BE8D9A87255DFE0613F5798/../../cores/arduino_sam_arduino_due_x_e5793996de5ce91a091cca506ec99b55/core.a(CDC.cpp.o)
                0x0000000000082cc4                CDC_Setup(USBSetup&)
 .text._ZN7Serial_5beginEm
                0x0000000000082d3c        0x2 /Users/andrei/Library/Caches/arduino/sketches/9906A5C83BE8D9A87255DFE0613F5798/../../cores/arduino_sam_arduino_due_x_e5793996de5ce91a091cca506ec99b55/core.a(CDC.cpp.o)
                0x0000000000082d3c                Serial_::begin(unsigned long)
 *fill*         0x0000000000082d3e        0x2 
 .text._ZN7Serial_cvbEv
                0x0000000000082d40       0x28 /Users/andrei/Library/Caches/arduino/sketches/9906A5C83BE8D9A87255DFE0613F5798/../../cores/arduino_sam_arduino_due_x_e5793996de5ce91a091cca506ec99b55/core.a(CDC.cpp.o)
                0x0000000000082d40                Serial_::operator bool()
 .text.startup._GLOBAL__sub_I_cdc_rx_buffer
                0x0000000000082d68       0x1c /Users/andrei/Library/Caches/arduino/sketches/9906A5C83BE8D9A87255DFE0613F5798/../../cores/arduino_sam_arduino_due_x_e5793996de5ce91a091cca506ec99b55/core.a(CDC.cpp.o)
 .text.unlikely._ZL11USB_SendZlpv
                0x0000000000082d84       0x20 /Users/andrei/Library/Caches/arduino/sketches/9906A5C83BE8D9A87255DFE0613F5798/../../cores/arduino_sam_arduino_due_x_e5793996de5ce91a091cca506ec99b55/core.a(USBCore.cpp.o)
 .text._Z14USBD_Availablem
                0x0000000000082da4       0x2c /Users/andrei/Library/Caches/arduino/sketches/9906A5C83BE8D9A87255DFE0613F5798/../../cores/arduino_sam_arduino_due_x_e5793996de5ce91a091cca506ec99b55/core.a(USBCore.cpp.o)
                0x0000000000082da4                USBD_Available(unsigned long)
 .text._Z9USBD_RecvmPvm
                0x0000000000082dd0       0x7c /Users/andrei/Library/Caches/arduino/sketches/9906A5C83BE8D9A87255DFE0613F5798/../../cores/arduino_sam_arduino_due_x_e5793996de5ce91a091cca506ec99b55/core.a(USBCore.cpp.o)
                0x0000000000082dd0                USBD_Recv(unsigned long, void*, unsigned long)
 .text._Z9USBD_Recvm
                0x0000000000082e4c       0x22 /Users/andrei/Library/Caches/arduino/sketches/9906A5C83BE8D9A87255DFE0613F5798/../../cores/arduino_sam_arduino_due_x_e5793996de5ce91a091cca506ec99b55/core.a(USBCore.cpp.o)
                0x0000000000082e4c                USBD_Recv(unsigned long)
 *fill*         0x0000000000082e6e        0x2 
 .text._Z9USBD_SendmPKvm
                0x0000000000082e70       0x4c /Users/andrei/Library/Caches/arduino/sketches/9906A5C83BE8D9A87255DFE0613F5798/../../cores/arduino_sam_arduino_due_x_e5793996de5ce91a091cca506ec99b55/core.a(USBCore.cpp.o)
                0x0000000000082e70                USBD_Send(unsigned long, void const*, unsigned long)
 .text._Z16USBD_SendControlhPKvm
                0x0000000000082ebc       0x40 /Users/andrei/Library/Caches/arduino/sketches/9906A5C83BE8D9A87255DFE0613F5798/../../cores/arduino_sam_arduino_due_x_e5793996de5ce91a091cca506ec99b55/core.a(USBCore.cpp.o)
                0x0000000000082ebc                USBD_SendControl(unsigned char, void const*, unsigned long)
 .text.unlikely._ZL24USB_SendStringDescriptorPKhi
                0x0000000000082efc       0x64 /Users/andrei/Library/Caches/arduino/sketches/9906A5C83BE8D9A87255DFE0613F5798/../../cores/arduino_sam_arduino_due_x_e5793996de5ce91a091cca506ec99b55/core.a(USBCore.cpp.o)
 .text._Z16USBD_RecvControlPvm
                0x0000000000082f60       0x1c /Users/andrei/Library/Caches/arduino/sketches/9906A5C83BE8D9A87255DFE0613F5798/../../cores/arduino_sam_arduino_due_x_e5793996de5ce91a091cca506ec99b55/core.a(USBCore.cpp.o)
                0x0000000000082f60                USBD_RecvControl(void*, unsigned long)
 .text._Z26USBD_ClassInterfaceRequestR8USBSetup
                0x0000000000082f7c       0x1e /Users/andrei/Library/Caches/arduino/sketches/9906A5C83BE8D9A87255DFE0613F5798/../../cores/arduino_sam_arduino_due_x_e5793996de5ce91a091cca506ec99b55/core.a(USBCore.cpp.o)
                0x0000000000082f7c                USBD_ClassInterfaceRequest(USBSetup&)
 .text._Z19USBD_SendInterfacesv
                0x0000000000082f9a       0x22 /Users/andrei/Library/Caches/arduino/sketches/9906A5C83BE8D9A87255DFE0613F5798/../../cores/arduino_sam_arduino_due_x_e5793996de5ce91a091cca506ec99b55/core.a(USBCore.cpp.o)
                0x0000000000082f9a                USBD_SendInterfaces()
 .text._Z24USBD_SendOtherInterfacesv
                0x0000000000082fbc       0x22 /Users/andrei/Library/Caches/arduino/sketches/9906A5C83BE8D9A87255DFE0613F5798/../../cores/arduino_sam_arduino_due_x_e5793996de5ce91a091cca506ec99b55/core.a(USBCore.cpp.o)
                0x0000000000082fbc                USBD_SendOtherInterfaces()
 .text._Z10USBD_Flushm
                0x0000000000082fde       0x16 /Users/andrei/Library/Caches/arduino/sketches/9906A5C83BE8D9A87255DFE0613F5798/../../cores/arduino_sam_arduino_due_x_e5793996de5ce91a091cca506ec99b55/core.a(USBCore.cpp.o)
                0x0000000000082fde                USBD_Flush(unsigned long)
 .text._ZN10USBDevice_C2Ev
                0x0000000000082ff4       0x24 /Users/andrei/Library/Caches/arduino/sketches/9906A5C83BE8D9A87255DFE0613F5798/../../cores/arduino_sam_arduino_due_x_e5793996de5ce91a091cca506ec99b55/core.a(USBCore.cpp.o)
                0x0000000000082ff4                USBDevice_::USBDevice_()
                0x0000000000082ff4                USBDevice_::USBDevice_()
 .text._ZN10USBDevice_6attachEv
                0x0000000000083018       0x20 /Users/andrei/Library/Caches/arduino/sketches/9906A5C83BE8D9A87255DFE0613F5798/../../cores/arduino_sam_arduino_due_x_e5793996de5ce91a091cca506ec99b55/core.a(USBCore.cpp.o)
                0x0000000000083018                USBDevice_::attach()
 .text.startup._GLOBAL__sub_I_EndPoints
                0x0000000000083038        0xc /Users/andrei/Library/Caches/arduino/sketches/9906A5C83BE8D9A87255DFE0613F5798/../../cores/arduino_sam_arduino_due_x_e5793996de5ce91a091cca506ec99b55/core.a(USBCore.cpp.o)
 .text._ZL7USB_ISRv
                0x0000000000083044      0x454 /Users/andrei/Library/Caches/arduino/sketches/9906A5C83BE8D9A87255DFE0613F5798/../../cores/arduino_sam_arduino_due_x_e5793996de5ce91a091cca506ec99b55/core.a(USBCore.cpp.o)
 .text.PIOA_Handler
                0x0000000000083498       0x38 /Users/andrei/Library/Caches/arduino/sketches/9906A5C83BE8D9A87255DFE0613F5798/../../cores/arduino_sam_arduino_due_x_e5793996de5ce91a091cca506ec99b55/core.a(WInterrupts.c.o)
                0x0000000000083498                PIOA_Handler
 .text.PIOB_Handler
                0x00000000000834d0       0x38 /Users/andrei/Library/Caches/arduino/sketches/9906A5C83BE8D9A87255DFE0613F5798/../../cores/arduino_sam_arduino_due_x_e5793996de5ce91a091cca506ec99b55/core.a(WInterrupts.c.o)
                0x00000000000834d0                PIOB_Handler
 .text.PIOC_Handler
                0x0000000000083508       0x38 /Users/andrei/Library/Caches/arduino/sketches/9906A5C83BE8D9A87255DFE0613F5798/../../cores/arduino_sam_arduino_due_x_e5793996de5ce91a091cca506ec99b55/core.a(WInterrupts.c.o)
                0x0000000000083508                PIOC_Handler
 .text.PIOD_Handler
                0x0000000000083540       0x38 /Users/andrei/Library/Caches/arduino/sketches/9906A5C83BE8D9A87255DFE0613F5798/../../cores/arduino_sam_arduino_due_x_e5793996de5ce91a091cca506ec99b55/core.a(WInterrupts.c.o)
                0x0000000000083540                PIOD_Handler
 .text.__halt   0x0000000000083578        0x2 /Users/andrei/Library/Caches/arduino/sketches/9906A5C83BE8D9A87255DFE0613F5798/../../cores/arduino_sam_arduino_due_x_e5793996de5ce91a091cca506ec99b55/core.a(cortex_handlers.c.o)
                0x0000000000083578                SPI0_Handler
                0x0000000000083578                DebugMon_Handler
                0x0000000000083578                DMAC_Handler
                0x0000000000083578                TRNG_Handler
                0x0000000000083578                HardFault_Handler
                0x0000000000083578                TC2_Handler
                0x0000000000083578                NMI_Handler
                0x0000000000083578                TC7_Handler
                0x0000000000083578                ADC_Handler
                0x0000000000083578                SMC_Handler
                0x0000000000083578                RTT_Handler
                0x0000000000083578                EFC1_Handler
                0x0000000000083578                RTC_Handler
                0x0000000000083578                UsageFault_Handler
                0x0000000000083578                TC6_Handler
                0x0000000000083578                WDT_Handler
                0x0000000000083578                CAN0_Handler
                0x0000000000083578                TC4_Handler
                0x0000000000083578                TC1_Handler
                0x0000000000083578                HSMCI_Handler
                0x0000000000083578                TC3_Handler
                0x0000000000083578                SSC_Handler
                0x0000000000083578                EFC0_Handler
                0x0000000000083578                PMC_Handler
                0x0000000000083578                PWM_Handler
                0x0000000000083578                CAN1_Handler
                0x0000000000083578                MemManage_Handler
                0x0000000000083578                SUPC_Handler
                0x0000000000083578                TC8_Handler
                0x0000000000083578                USART2_Handler
                0x0000000000083578                EMAC_Handler
                0x0000000000083578                BusFault_Handler
                0x0000000000083578                RSTC_Handler
                0x0000000000083578                TC0_Handler
                0x0000000000083578                TC5_Handler
                0x0000000000083578                DACC_Handler
 .text.SVC_Handler
                0x000000000008357a        0x4 /Users/andrei/Library/Caches/arduino/sketches/9906A5C83BE8D9A87255DFE0613F5798/../../cores/arduino_sam_arduino_due_x_e5793996de5ce91a091cca506ec99b55/core.a(cortex_handlers.c.o)
                0x000000000008357a                SVC_Handler
 .text.PendSV_Handler
                0x000000000008357e        0x4 /Users/andrei/Library/Caches/arduino/sketches/9906A5C83BE8D9A87255DFE0613F5798/../../cores/arduino_sam_arduino_due_x_e5793996de5ce91a091cca506ec99b55/core.a(cortex_handlers.c.o)
                0x000000000008357e                PendSV_Handler
 .text.SysTick_Handler
                0x0000000000083582       0x16 /Users/andrei/Library/Caches/arduino/sketches/9906A5C83BE8D9A87255DFE0613F5798/../../cores/arduino_sam_arduino_due_x_e5793996de5ce91a091cca506ec99b55/core.a(cortex_handlers.c.o)
                0x0000000000083582                SysTick_Handler
 .text.__empty  0x0000000000083598        0x2 /Users/andrei/Library/Caches/arduino/sketches/9906A5C83BE8D9A87255DFE0613F5798/../../cores/arduino_sam_arduino_due_x_e5793996de5ce91a091cca506ec99b55/core.a(hooks.c.o)
                0x0000000000083598                yield
 .text.__false  0x000000000008359a        0x4 /Users/andrei/Library/Caches/arduino/sketches/9906A5C83BE8D9A87255DFE0613F5798/../../cores/arduino_sam_arduino_due_x_e5793996de5ce91a091cca506ec99b55/core.a(hooks.c.o)
                0x000000000008359a                sysTickHook
 .text.__halt   0x000000000008359e        0x2 /Users/andrei/Library/Caches/arduino/sketches/9906A5C83BE8D9A87255DFE0613F5798/../../cores/arduino_sam_arduino_due_x_e5793996de5ce91a091cca506ec99b55/core.a(hooks.c.o)
                0x000000000008359e                pendSVHook
                0x000000000008359e                svcHook
 .text.initVariant
                0x00000000000835a0        0x2 /Users/andrei/Library/Caches/arduino/sketches/9906A5C83BE8D9A87255DFE0613F5798/../../cores/arduino_sam_arduino_due_x_e5793996de5ce91a091cca506ec99b55/core.a(main.cpp.o)
                0x00000000000835a0                initVariant
 *fill*         0x00000000000835a2        0x2 
 .text.startup.main
                0x00000000000835a4       0x38 /Users/andrei/Library/Caches/arduino/sketches/9906A5C83BE8D9A87255DFE0613F5798/../../cores/arduino_sam_arduino_due_x_e5793996de5ce91a091cca506ec99b55/core.a(main.cpp.o)
                0x00000000000835a4                main
 .text._Znwj    0x00000000000835dc        0x4 /Users/andrei/Library/Caches/arduino/sketches/9906A5C83BE8D9A87255DFE0613F5798/../../cores/arduino_sam_arduino_due_x_e5793996de5ce91a091cca506ec99b55/core.a(new.cpp.o)
                0x00000000000835dc                operator new(unsigned int)
 .text._ZdlPv   0x00000000000835e0        0x4 /Users/andrei/Library/Caches/arduino/sketches/9906A5C83BE8D9A87255DFE0613F5798/../../cores/arduino_sam_arduino_due_x_e5793996de5ce91a091cca506ec99b55/core.a(new.cpp.o)
                0x00000000000835e0                operator delete(void*)
 .text._sbrk    0x00000000000835e4       0x1c /Users/andrei/Library/Caches/arduino/sketches/9906A5C83BE8D9A87255DFE0613F5798/../../cores/arduino_sam_arduino_due_x_e5793996de5ce91a091cca506ec99b55/core.a(syscalls_sam3.c.o)
                0x00000000000835e4                _sbrk
 .text.link     0x0000000000083600        0x6 /Users/andrei/Library/Caches/arduino/sketches/9906A5C83BE8D9A87255DFE0613F5798/../../cores/arduino_sam_arduino_due_x_e5793996de5ce91a091cca506ec99b55/core.a(syscalls_sam3.c.o)
                0x0000000000083600                link
 .text._close   0x0000000000083606        0x6 /Users/andrei/Library/Caches/arduino/sketches/9906A5C83BE8D9A87255DFE0613F5798/../../cores/arduino_sam_arduino_due_x_e5793996de5ce91a091cca506ec99b55/core.a(syscalls_sam3.c.o)
                0x0000000000083606                _close
 .text._fstat   0x000000000008360c        0xa /Users/andrei/Library/Caches/arduino/sketches/9906A5C83BE8D9A87255DFE0613F5798/../../cores/arduino_sam_arduino_due_x_e5793996de5ce91a091cca506ec99b55/core.a(syscalls_sam3.c.o)
                0x000000000008360c                _fstat
 .text._isatty  0x0000000000083616        0x4 /Users/andrei/Library/Caches/arduino/sketches/9906A5C83BE8D9A87255DFE0613F5798/../../cores/arduino_sam_arduino_due_x_e5793996de5ce91a091cca506ec99b55/core.a(syscalls_sam3.c.o)
                0x0000000000083616                _isatty
 .text._lseek   0x000000000008361a        0x4 /Users/andrei/Library/Caches/arduino/sketches/9906A5C83BE8D9A87255DFE0613F5798/../../cores/arduino_sam_arduino_due_x_e5793996de5ce91a091cca506ec99b55/core.a(syscalls_sam3.c.o)
                0x000000000008361a                _lseek
 .text._read    0x000000000008361e        0x4 /Users/andrei/Library/Caches/arduino/sketches/9906A5C83BE8D9A87255DFE0613F5798/../../cores/arduino_sam_arduino_due_x_e5793996de5ce91a091cca506ec99b55/core.a(syscalls_sam3.c.o)
                0x000000000008361e                _read
 *fill*         0x0000000000083622        0x2 
 .text._write   0x0000000000083624       0x24 /Users/andrei/Library/Caches/arduino/sketches/9906A5C83BE8D9A87255DFE0613F5798/../../cores/arduino_sam_arduino_due_x_e5793996de5ce91a091cca506ec99b55/core.a(syscalls_sam3.c.o)
                0x0000000000083624                _write
 .text._exit    0x0000000000083648        0x2 /Users/andrei/Library/Caches/arduino/sketches/9906A5C83BE8D9A87255DFE0613F5798/../../cores/arduino_sam_arduino_due_x_e5793996de5ce91a091cca506ec99b55/core.a(syscalls_sam3.c.o)
                0x0000000000083648                _exit
 .text._kill    0x000000000008364a        0x2 /Users/andrei/Library/Caches/arduino/sketches/9906A5C83BE8D9A87255DFE0613F5798/../../cores/arduino_sam_arduino_due_x_e5793996de5ce91a091cca506ec99b55/core.a(syscalls_sam3.c.o)
                0x000000000008364a                _kill
 .text._getpid  0x000000000008364c        0x6 /Users/andrei/Library/Caches/arduino/sketches/9906A5C83BE8D9A87255DFE0613F5798/../../cores/arduino_sam_arduino_due_x_e5793996de5ce91a091cca506ec99b55/core.a(syscalls_sam3.c.o)
                0x000000000008364c                _getpid
 *fill*         0x0000000000083652        0x2 
 .text._watchdogDefaultSetup
                0x0000000000083654        0xc /Users/andrei/Library/Caches/arduino/sketches/9906A5C83BE8D9A87255DFE0613F5798/../../cores/arduino_sam_arduino_due_x_e5793996de5ce91a091cca506ec99b55/core.a(watchdog.cpp.o)
                0x0000000000083654                watchdogSetup()
                0x0000000000083654                _watchdogDefaultSetup
 .text.millis   0x0000000000083660        0x4 /Users/andrei/Library/Caches/arduino/sketches/9906A5C83BE8D9A87255DFE0613F5798/../../cores/arduino_sam_arduino_due_x_e5793996de5ce91a091cca506ec99b55/core.a(wiring.c.o)
                0x0000000000083660                millis
 .text.delay    0x0000000000083664       0x1c /Users/andrei/Library/Caches/arduino/sketches/9906A5C83BE8D9A87255DFE0613F5798/../../cores/arduino_sam_arduino_due_x_e5793996de5ce91a091cca506ec99b55/core.a(wiring.c.o)
                0x0000000000083664                delay
 .text.mapResolution
                0x0000000000083680       0x12 /Users/andrei/Library/Caches/arduino/sketches/9906A5C83BE8D9A87255DFE0613F5798/../../cores/arduino_sam_arduino_due_x_e5793996de5ce91a091cca506ec99b55/core.a(wiring_analog.c.o)
 *fill*         0x0000000000083692        0x2 
 .text.analogReadResolution
                0x0000000000083694        0xc /Users/andrei/Library/Caches/arduino/sketches/9906A5C83BE8D9A87255DFE0613F5798/../../cores/arduino_sam_arduino_due_x_e5793996de5ce91a091cca506ec99b55/core.a(wiring_analog.c.o)
                0x0000000000083694                analogReadResolution
 .text.analogRead
                0x00000000000836a0       0x9c /Users/andrei/Library/Caches/arduino/sketches/9906A5C83BE8D9A87255DFE0613F5798/../../cores/arduino_sam_arduino_due_x_e5793996de5ce91a091cca506ec99b55/core.a(wiring_analog.c.o)
                0x00000000000836a0                analogRead
 .text.analogOutputInit
                0x000000000008373c        0x2 /Users/andrei/Library/Caches/arduino/sketches/9906A5C83BE8D9A87255DFE0613F5798/../../cores/arduino_sam_arduino_due_x_e5793996de5ce91a091cca506ec99b55/core.a(wiring_analog.c.o)
                0x000000000008373c                analogOutputInit
 *fill*         0x000000000008373e        0x2 
 .text.pinMode  0x0000000000083740      0x108 /Users/andrei/Library/Caches/arduino/sketches/9906A5C83BE8D9A87255DFE0613F5798/../../cores/arduino_sam_arduino_due_x_e5793996de5ce91a091cca506ec99b55/core.a(wiring_digital.c.o)
                0x0000000000083740                pinMode
 .text.digitalWrite
                0x0000000000083848       0x70 /Users/andrei/Library/Caches/arduino/sketches/9906A5C83BE8D9A87255DFE0613F5798/../../cores/arduino_sam_arduino_due_x_e5793996de5ce91a091cca506ec99b55/core.a(wiring_digital.c.o)
                0x0000000000083848                digitalWrite
 .text.initiateReset
                0x00000000000838b8        0xc /Users/andrei/Library/Caches/arduino/sketches/9906A5C83BE8D9A87255DFE0613F5798/../../cores/arduino_sam_arduino_due_x_e5793996de5ce91a091cca506ec99b55/core.a(Reset.cpp.o)
                0x00000000000838b8                initiateReset
 .text.cancelReset
                0x00000000000838c4       0x10 /Users/andrei/Library/Caches/arduino/sketches/9906A5C83BE8D9A87255DFE0613F5798/../../cores/arduino_sam_arduino_due_x_e5793996de5ce91a091cca506ec99b55/core.a(Reset.cpp.o)
                0x00000000000838c4                cancelReset
 .text.tickReset
                0x00000000000838d4       0x20 /Users/andrei/Library/Caches/arduino/sketches/9906A5C83BE8D9A87255DFE0613F5798/../../cores/arduino_sam_arduino_due_x_e5793996de5ce91a091cca506ec99b55/core.a(Reset.cpp.o)
                0x00000000000838d4                tickReset
 .text._ZN13PluggableUSB_12getInterfaceEPh
                0x00000000000838f4       0x28 /Users/andrei/Library/Caches/arduino/sketches/9906A5C83BE8D9A87255DFE0613F5798/../../cores/arduino_sam_arduino_due_x_e5793996de5ce91a091cca506ec99b55/core.a(PluggableUSB.cpp.o)
                0x00000000000838f4                PluggableUSB_::getInterface(unsigned char*)
 .text._ZN13PluggableUSB_13getDescriptorER8USBSetup
                0x000000000008391c       0x1c /Users/andrei/Library/Caches/arduino/sketches/9906A5C83BE8D9A87255DFE0613F5798/../../cores/arduino_sam_arduino_due_x_e5793996de5ce91a091cca506ec99b55/core.a(PluggableUSB.cpp.o)
                0x000000000008391c                PluggableUSB_::getDescriptor(USBSetup&)
 .text._ZN13PluggableUSB_12getShortNameEPc
                0x0000000000083938       0x1c /Users/andrei/Library/Caches/arduino/sketches/9906A5C83BE8D9A87255DFE0613F5798/../../cores/arduino_sam_arduino_due_x_e5793996de5ce91a091cca506ec99b55/core.a(PluggableUSB.cpp.o)
                0x0000000000083938                PluggableUSB_::getShortName(char*)
 .text._ZN13PluggableUSB_5setupER8USBSetup
                0x0000000000083954       0x20 /Users/andrei/Library/Caches/arduino/sketches/9906A5C83BE8D9A87255DFE0613F5798/../../cores/arduino_sam_arduino_due_x_e5793996de5ce91a091cca506ec99b55/core.a(PluggableUSB.cpp.o)
                0x0000000000083954                PluggableUSB_::setup(USBSetup&)
 .text._Z12PluggableUSBv
                0x0000000000083974       0x28 /Users/andrei/Library/Caches/arduino/sketches/9906A5C83BE8D9A87255DFE0613F5798/../../cores/arduino_sam_arduino_due_x_e5793996de5ce91a091cca506ec99b55/core.a(PluggableUSB.cpp.o)
                0x0000000000083974                PluggableUSB()
 .text.TimeTick_Increment
                0x000000000008399c       0x10 /Users/andrei/Library/Arduino15/packages/arduino/hardware/sam/1.6.12/variants/arduino_due_x/libsam_sam3x8e_gcc_rel.a(timetick.o)
                0x000000000008399c                TimeTick_Increment
 .text.GetTickCount
                0x00000000000839ac        0xc /Users/andrei/Library/Arduino15/packages/arduino/hardware/sam/1.6.12/variants/arduino_due_x/libsam_sam3x8e_gcc_rel.a(timetick.o)
                0x00000000000839ac                GetTickCount
 .text.WDT_Disable
                0x00000000000839b8        0x8 /Users/andrei/Library/Arduino15/packages/arduino/hardware/sam/1.6.12/variants/arduino_due_x/libsam_sam3x8e_gcc_rel.a(wdt.o)
                0x00000000000839b8                WDT_Disable
 .text.UDD_SetStack
                0x00000000000839c0        0xc /Users/andrei/Library/Arduino15/packages/arduino/hardware/sam/1.6.12/variants/arduino_due_x/libsam_sam3x8e_gcc_rel.a(uotghs_device.o)
                0x00000000000839c0                UDD_SetStack
 .text.UDD_Init
                0x00000000000839cc       0xd0 /Users/andrei/Library/Arduino15/packages/arduino/hardware/sam/1.6.12/variants/arduino_due_x/libsam_sam3x8e_gcc_rel.a(uotghs_device.o)
                0x00000000000839cc                UDD_Init
 .text.UDD_Attach
                0x0000000000083a9c       0x50 /Users/andrei/Library/Arduino15/packages/arduino/hardware/sam/1.6.12/variants/arduino_due_x/libsam_sam3x8e_gcc_rel.a(uotghs_device.o)
                0x0000000000083a9c                UDD_Attach
 .text.UDD_InitEP
                0x0000000000083aec       0x2c /Users/andrei/Library/Arduino15/packages/arduino/hardware/sam/1.6.12/variants/arduino_due_x/libsam_sam3x8e_gcc_rel.a(uotghs_device.o)
                0x0000000000083aec                UDD_InitEP
 .text.UDD_InitEndpoints
                0x0000000000083b18       0x3c /Users/andrei/Library/Arduino15/packages/arduino/hardware/sam/1.6.12/variants/arduino_due_x/libsam_sam3x8e_gcc_rel.a(uotghs_device.o)
                0x0000000000083b18                UDD_InitEndpoints
 .text.UDD_WaitIN
                0x0000000000083b54       0x10 /Users/andrei/Library/Arduino15/packages/arduino/hardware/sam/1.6.12/variants/arduino_due_x/libsam_sam3x8e_gcc_rel.a(uotghs_device.o)
                0x0000000000083b54                UDD_WaitIN
 .text.UDD_WaitOUT
                0x0000000000083b64       0x10 /Users/andrei/Library/Arduino15/packages/arduino/hardware/sam/1.6.12/variants/arduino_due_x/libsam_sam3x8e_gcc_rel.a(uotghs_device.o)
                0x0000000000083b64                UDD_WaitOUT
 .text.UDD_ClearIN
                0x0000000000083b74       0x18 /Users/andrei/Library/Arduino15/packages/arduino/hardware/sam/1.6.12/variants/arduino_due_x/libsam_sam3x8e_gcc_rel.a(uotghs_device.o)
                0x0000000000083b74                UDD_ClearIN
 .text.UDD_ClearOUT
                0x0000000000083b8c       0x18 /Users/andrei/Library/Arduino15/packages/arduino/hardware/sam/1.6.12/variants/arduino_due_x/libsam_sam3x8e_gcc_rel.a(uotghs_device.o)
                0x0000000000083b8c                UDD_ClearOUT
 .text.UDD_ReceivedSetupInt
                0x0000000000083ba4       0x10 /Users/andrei/Library/Arduino15/packages/arduino/hardware/sam/1.6.12/variants/arduino_due_x/libsam_sam3x8e_gcc_rel.a(uotghs_device.o)
                0x0000000000083ba4                UDD_ReceivedSetupInt
 .text.UDD_ClearSetupInt
                0x0000000000083bb4       0x10 /Users/andrei/Library/Arduino15/packages/arduino/hardware/sam/1.6.12/variants/arduino_due_x/libsam_sam3x8e_gcc_rel.a(uotghs_device.o)
                0x0000000000083bb4                UDD_ClearSetupInt
 .text.UDD_Send
                0x0000000000083bc4       0x88 /Users/andrei/Library/Arduino15/packages/arduino/hardware/sam/1.6.12/variants/arduino_due_x/libsam_sam3x8e_gcc_rel.a(uotghs_device.o)
                0x0000000000083bc4                UDD_Send
 .text.UDD_Send8
                0x0000000000083c4c       0x24 /Users/andrei/Library/Arduino15/packages/arduino/hardware/sam/1.6.12/variants/arduino_due_x/libsam_sam3x8e_gcc_rel.a(uotghs_device.o)
                0x0000000000083c4c                UDD_Send8
 .text.UDD_Recv8
                0x0000000000083c70       0x28 /Users/andrei/Library/Arduino15/packages/arduino/hardware/sam/1.6.12/variants/arduino_due_x/libsam_sam3x8e_gcc_rel.a(uotghs_device.o)
                0x0000000000083c70                UDD_Recv8
 .text.UDD_Recv
                0x0000000000083c98       0x34 /Users/andrei/Library/Arduino15/packages/arduino/hardware/sam/1.6.12/variants/arduino_due_x/libsam_sam3x8e_gcc_rel.a(uotghs_device.o)
                0x0000000000083c98                UDD_Recv
 .text.UDD_Stall
                0x0000000000083ccc       0x14 /Users/andrei/Library/Arduino15/packages/arduino/hardware/sam/1.6.12/variants/arduino_due_x/libsam_sam3x8e_gcc_rel.a(uotghs_device.o)
                0x0000000000083ccc                UDD_Stall
 .text.UDD_FifoByteCount
                0x0000000000083ce0       0x14 /Users/andrei/Library/Arduino15/packages/arduino/hardware/sam/1.6.12/variants/arduino_due_x/libsam_sam3x8e_gcc_rel.a(uotghs_device.o)
                0x0000000000083ce0                UDD_FifoByteCount
 .text.UDD_ReleaseRX
                0x0000000000083cf4       0x28 /Users/andrei/Library/Arduino15/packages/arduino/hardware/sam/1.6.12/variants/arduino_due_x/libsam_sam3x8e_gcc_rel.a(uotghs_device.o)
                0x0000000000083cf4                UDD_ReleaseRX
 .text.UDD_ReleaseTX
                0x0000000000083d1c       0x28 /Users/andrei/Library/Arduino15/packages/arduino/hardware/sam/1.6.12/variants/arduino_due_x/libsam_sam3x8e_gcc_rel.a(uotghs_device.o)
                0x0000000000083d1c                UDD_ReleaseTX
 .text.UDD_SetAddress
                0x0000000000083d44       0x20 /Users/andrei/Library/Arduino15/packages/arduino/hardware/sam/1.6.12/variants/arduino_due_x/libsam_sam3x8e_gcc_rel.a(uotghs_device.o)
                0x0000000000083d44                UDD_SetAddress
 .text.__fpclassifyd
                0x0000000000083d64       0x50 /Users/andrei/Library/Arduino15/packages/arduino/tools/arm-none-eabi-gcc/4.8.3-2014q1/bin/../lib/gcc/arm-none-eabi/4.8.3/../../../../arm-none-eabi/lib/armv7-m/libm.a(lib_a-s_fpclassify.o)
                0x0000000000083d64                __fpclassifyd
 .text.__fpclassifyf
                0x0000000000083db4       0x34 /Users/andrei/Library/Arduino15/packages/arduino/tools/arm-none-eabi-gcc/4.8.3-2014q1/bin/../lib/gcc/arm-none-eabi/4.8.3/../../../../arm-none-eabi/lib/armv7-m/libm.a(lib_a-sf_fpclassify.o)
                0x0000000000083db4                __fpclassifyf
 .text.pow      0x0000000000083de8      0x2f8 /Users/andrei/Library/Arduino15/packages/arduino/tools/arm-none-eabi-gcc/4.8.3-2014q1/bin/../lib/gcc/arm-none-eabi/4.8.3/../../../../arm-none-eabi/lib/armv7-m/libm.a(lib_a-w_pow.o)
                0x0000000000083de8                pow
 .text.__ieee754_pow
                0x00000000000840e0      0xab8 /Users/andrei/Library/Arduino15/packages/arduino/tools/arm-none-eabi-gcc/4.8.3-2014q1/bin/../lib/gcc/arm-none-eabi/4.8.3/../../../../arm-none-eabi/lib/armv7-m/libm.a(lib_a-e_pow.o)
                0x00000000000840e0                __ieee754_pow
 .text.__ieee754_sqrt
                0x0000000000084b98      0x180 /Users/andrei/Library/Arduino15/packages/arduino/tools/arm-none-eabi-gcc/4.8.3-2014q1/bin/../lib/gcc/arm-none-eabi/4.8.3/../../../../arm-none-eabi/lib/armv7-m/libm.a(lib_a-e_sqrt.o)
                0x0000000000084b98                __ieee754_sqrt
 .text.fabs     0x0000000000084d18        0x8 /Users/andrei/Library/Arduino15/packages/arduino/tools/arm-none-eabi-gcc/4.8.3-2014q1/bin/../lib/gcc/arm-none-eabi/4.8.3/../../../../arm-none-eabi/lib/armv7-m/libm.a(lib_a-s_fabs.o)
                0x0000000000084d18                fabs
 .text.finite   0x0000000000084d20        0xc /Users/andrei/Library/Arduino15/packages/arduino/tools/arm-none-eabi-gcc/4.8.3-2014q1/bin/../lib/gcc/arm-none-eabi/4.8.3/../../../../arm-none-eabi/lib/armv7-m/libm.a(lib_a-s_finite.o)
                0x0000000000084d20                finite
 .text.matherr  0x0000000000084d2c        0x4 /Users/andrei/Library/Arduino15/packages/arduino/tools/arm-none-eabi-gcc/4.8.3-2014q1/bin/../lib/gcc/arm-none-eabi/4.8.3/../../../../arm-none-eabi/lib/armv7-m/libm.a(lib_a-s_matherr.o)
                0x0000000000084d2c                matherr
 .text.nan      0x0000000000084d30        0xc /Users/andrei/Library/Arduino15/packages/arduino/tools/arm-none-eabi-gcc/4.8.3-2014q1/bin/../lib/gcc/arm-none-eabi/4.8.3/../../../../arm-none-eabi/lib/armv7-m/libm.a(lib_a-s_nan.o)
                0x0000000000084d30                nan
 .text.rint     0x0000000000084d3c      0x118 /Users/andrei/Library/Arduino15/packages/arduino/tools/arm-none-eabi-gcc/4.8.3-2014q1/bin/../lib/gcc/arm-none-eabi/4.8.3/../../../../arm-none-eabi/lib/armv7-m/libm.a(lib_a-s_rint.o)
                0x0000000000084d3c                rint
 *fill*         0x0000000000084e54        0x4 
 .text.scalbn   0x0000000000084e58      0x100 /Users/andrei/Library/Arduino15/packages/arduino/tools/arm-none-eabi-gcc/4.8.3-2014q1/bin/../lib/gcc/arm-none-eabi/4.8.3/../../../../arm-none-eabi/lib/armv7-m/libm.a(lib_a-s_scalbn.o)
                0x0000000000084e58                scalbn
 .text.copysign
                0x0000000000084f58       0x14 /Users/andrei/Library/Arduino15/packages/arduino/tools/arm-none-eabi-gcc/4.8.3-2014q1/bin/../lib/gcc/arm-none-eabi/4.8.3/../../../../arm-none-eabi/lib/armv7-m/libm.a(lib_a-s_copysign.o)
                0x0000000000084f58                copysign
 .text          0x0000000000084f6c      0x370 /Users/andrei/Library/Arduino15/packages/arduino/tools/arm-none-eabi-gcc/4.8.3-2014q1/bin/../lib/gcc/arm-none-eabi/4.8.3/armv7-m/libgcc.a(_arm_addsubdf3.o)
                0x0000000000084f6c                __aeabi_drsub
                0x0000000000084f74                __subdf3
                0x0000000000084f74                __aeabi_dsub
                0x0000000000084f78                __aeabi_dadd
                0x0000000000084f78                __adddf3
                0x00000000000851f0                __aeabi_ui2d
                0x00000000000851f0                __floatunsidf
                0x0000000000085210                __floatsidf
                0x0000000000085210                __aeabi_i2d
                0x0000000000085234                __extendsfdf2
                0x0000000000085234                __aeabi_f2d
                0x0000000000085270                __aeabi_ul2d
                0x0000000000085270                __floatundidf
                0x0000000000085280                __aeabi_l2d
                0x0000000000085280                __floatdidf
 .text          0x00000000000852dc      0x424 /Users/andrei/Library/Arduino15/packages/arduino/tools/arm-none-eabi-gcc/4.8.3-2014q1/bin/../lib/gcc/arm-none-eabi/4.8.3/armv7-m/libgcc.a(_arm_muldivdf3.o)
                0x00000000000852dc                __aeabi_dmul
                0x00000000000852dc                __muldf3
                0x0000000000085530                __aeabi_ddiv
                0x0000000000085530                __divdf3
 .text          0x0000000000085700      0x110 /Users/andrei/Library/Arduino15/packages/arduino/tools/arm-none-eabi-gcc/4.8.3-2014q1/bin/../lib/gcc/arm-none-eabi/4.8.3/armv7-m/libgcc.a(_arm_cmpdf2.o)
                0x0000000000085700                __gedf2
                0x0000000000085700                __gtdf2
                0x0000000000085708                __ledf2
                0x0000000000085708                __ltdf2
                0x0000000000085710                __cmpdf2
                0x0000000000085710                __eqdf2
                0x0000000000085710                __nedf2
                0x000000000008578c                __aeabi_cdrcmple
                0x000000000008579c                __aeabi_cdcmple
                0x000000000008579c                __aeabi_cdcmpeq
                0x00000000000857ac                __aeabi_dcmpeq
                0x00000000000857c0                __aeabi_dcmplt
                0x00000000000857d4                __aeabi_dcmple
                0x00000000000857e8                __aeabi_dcmpge
                0x00000000000857fc                __aeabi_dcmpgt
 .text          0x0000000000085810       0x50 /Users/andrei/Library/Arduino15/packages/arduino/tools/arm-none-eabi-gcc/4.8.3-2014q1/bin/../lib/gcc/arm-none-eabi/4.8.3/armv7-m/libgcc.a(_arm_fixdfsi.o)
                0x0000000000085810                __fixdfsi
                0x0000000000085810                __aeabi_d2iz
 .text          0x0000000000085860       0x40 /Users/andrei/Library/Arduino15/packages/arduino/tools/arm-none-eabi-gcc/4.8.3-2014q1/bin/../lib/gcc/arm-none-eabi/4.8.3/armv7-m/libgcc.a(_arm_fixunsdfsi.o)
                0x0000000000085860                __fixunsdfsi
                0x0000000000085860                __aeabi_d2uiz
 .text          0x00000000000858a0       0xa0 /Users/andrei/Library/Arduino15/packages/arduino/tools/arm-none-eabi-gcc/4.8.3-2014q1/bin/../lib/gcc/arm-none-eabi/4.8.3/armv7-m/libgcc.a(_arm_truncdfsf2.o)
                0x00000000000858a0                __aeabi_d2f
                0x00000000000858a0                __truncdfsf2
 .text          0x0000000000085940      0x21c /Users/andrei/Library/Arduino15/packages/arduino/tools/arm-none-eabi-gcc/4.8.3-2014q1/bin/../lib/gcc/arm-none-eabi/4.8.3/armv7-m/libgcc.a(_arm_addsubsf3.o)
                0x0000000000085940                __aeabi_frsub
                0x0000000000085948                __aeabi_fsub
                0x0000000000085948                __subsf3
                0x000000000008594c                __aeabi_fadd
                0x000000000008594c                __addsf3
                0x0000000000085aac                __aeabi_ui2f
                0x0000000000085aac                __floatunsisf
                0x0000000000085ab4                __floatsisf
                0x0000000000085ab4                __aeabi_i2f
                0x0000000000085ad0                __aeabi_ul2f
                0x0000000000085ad0                __floatundisf
                0x0000000000085ae0                __aeabi_l2f
                0x0000000000085ae0                __floatdisf
 .text          0x0000000000085b5c      0x2a0 /Users/andrei/Library/Arduino15/packages/arduino/tools/arm-none-eabi-gcc/4.8.3-2014q1/bin/../lib/gcc/arm-none-eabi/4.8.3/armv7-m/libgcc.a(_arm_muldivsf3.o)
                0x0000000000085b5c                __mulsf3
                0x0000000000085b5c                __aeabi_fmul
                0x0000000000085cc4                __divsf3
                0x0000000000085cc4                __aeabi_fdiv
 .text          0x0000000000085dfc       0xec /Users/andrei/Library/Arduino15/packages/arduino/tools/arm-none-eabi-gcc/4.8.3-2014q1/bin/../lib/gcc/arm-none-eabi/4.8.3/armv7-m/libgcc.a(_arm_cmpsf2.o)
                0x0000000000085dfc                __gesf2
                0x0000000000085dfc                __gtsf2
                0x0000000000085e04                __ltsf2
                0x0000000000085e04                __lesf2
                0x0000000000085e0c                __nesf2
                0x0000000000085e0c                __eqsf2
                0x0000000000085e0c                __cmpsf2
                0x0000000000085e6c                __aeabi_cfrcmple
                0x0000000000085e74                __aeabi_cfcmpeq
                0x0000000000085e74                __aeabi_cfcmple
                0x0000000000085e84                __aeabi_fcmpeq
                0x0000000000085e98                __aeabi_fcmplt
                0x0000000000085eac                __aeabi_fcmple
                0x0000000000085ec0                __aeabi_fcmpge
                0x0000000000085ed4                __aeabi_fcmpgt
 .text          0x0000000000085ee8       0x4c /Users/andrei/Library/Arduino15/packages/arduino/tools/arm-none-eabi-gcc/4.8.3-2014q1/bin/../lib/gcc/arm-none-eabi/4.8.3/armv7-m/libgcc.a(_arm_fixsfsi.o)
                0x0000000000085ee8                __fixsfsi
                0x0000000000085ee8                __aeabi_f2iz
 .text.__assert_func
                0x0000000000085f34       0x3c /Users/andrei/Library/Arduino15/packages/arduino/tools/arm-none-eabi-gcc/4.8.3-2014q1/bin/../lib/gcc/arm-none-eabi/4.8.3/../../../../arm-none-eabi/lib/armv7-m/libc.a(lib_a-assert.o)
                0x0000000000085f34                __assert_func
 .text.__errno  0x0000000000085f70        0xc /Users/andrei/Library/Arduino15/packages/arduino/tools/arm-none-eabi-gcc/4.8.3-2014q1/bin/../lib/gcc/arm-none-eabi/4.8.3/../../../../arm-none-eabi/lib/armv7-m/libc.a(lib_a-errno.o)
                0x0000000000085f70                __errno
 .text.fiprintf
                0x0000000000085f7c       0x28 /Users/andrei/Library/Arduino15/packages/arduino/tools/arm-none-eabi-gcc/4.8.3-2014q1/bin/../lib/gcc/arm-none-eabi/4.8.3/../../../../arm-none-eabi/lib/armv7-m/libc.a(lib_a-fiprintf.o)
                0x0000000000085f7c                fiprintf
 .text.__libc_init_array
                0x0000000000085fa4       0x50 /Users/andrei/Library/Arduino15/packages/arduino/tools/arm-none-eabi-gcc/4.8.3-2014q1/bin/../lib/gcc/arm-none-eabi/4.8.3/../../../../arm-none-eabi/lib/armv7-m/libc.a(lib_a-init.o)
                0x0000000000085fa4                __libc_init_array
 .text.malloc   0x0000000000085ff4       0x10 /Users/andrei/Library/Arduino15/packages/arduino/tools/arm-none-eabi-gcc/4.8.3-2014q1/bin/../lib/gcc/arm-none-eabi/4.8.3/../../../../arm-none-eabi/lib/armv7-m/libc.a(lib_a-malloc.o)
                0x0000000000085ff4                malloc
 .text.free     0x0000000000086004       0x10 /Users/andrei/Library/Arduino15/packages/arduino/tools/arm-none-eabi-gcc/4.8.3-2014q1/bin/../lib/gcc/arm-none-eabi/4.8.3/../../../../arm-none-eabi/lib/armv7-m/libc.a(lib_a-malloc.o)
                0x0000000000086004                free
 .text._malloc_r
                0x0000000000086014      0x538 /Users/andrei/Library/Arduino15/packages/arduino/tools/arm-none-eabi-gcc/4.8.3-2014q1/bin/../lib/gcc/arm-none-eabi/4.8.3/../../../../arm-none-eabi/lib/armv7-m/libc.a(lib_a-mallocr.o)
                0x0000000000086014                _malloc_r
 .text.memset   0x000000000008654c       0x94 /Users/andrei/Library/Arduino15/packages/arduino/tools/arm-none-eabi-gcc/4.8.3-2014q1/bin/../lib/gcc/arm-none-eabi/4.8.3/../../../../arm-none-eabi/lib/armv7-m/libc.a(lib_a-memset.o)
                0x000000000008654c                memset
 .text.__malloc_lock
                0x00000000000865e0        0x4 /Users/andrei/Library/Arduino15/packages/arduino/tools/arm-none-eabi-gcc/4.8.3-2014q1/bin/../lib/gcc/arm-none-eabi/4.8.3/../../../../arm-none-eabi/lib/armv7-m/libc.a(lib_a-mlock.o)
                0x00000000000865e0                __malloc_lock
 .text.__malloc_unlock
                0x00000000000865e4        0x4 /Users/andrei/Library/Arduino15/packages/arduino/tools/arm-none-eabi-gcc/4.8.3-2014q1/bin/../lib/gcc/arm-none-eabi/4.8.3/../../../../arm-none-eabi/lib/armv7-m/libc.a(lib_a-mlock.o)
                0x00000000000865e4                __malloc_unlock
 .text._sbrk_r  0x00000000000865e8       0x24 /Users/andrei/Library/Arduino15/packages/arduino/tools/arm-none-eabi-gcc/4.8.3-2014q1/bin/../lib/gcc/arm-none-eabi/4.8.3/../../../../arm-none-eabi/lib/armv7-m/libc.a(lib_a-sbrkr.o)
                0x00000000000865e8                _sbrk_r
 .text.strlen   0x000000000008660c       0x60 /Users/andrei/Library/Arduino15/packages/arduino/tools/arm-none-eabi-gcc/4.8.3-2014q1/bin/../lib/gcc/arm-none-eabi/4.8.3/../../../../arm-none-eabi/lib/armv7-m/libc.a(lib_a-strlen.o)
                0x000000000008660c                strlen
 .text.kill     0x000000000008666c       0x10 /Users/andrei/Library/Arduino15/packages/arduino/tools/arm-none-eabi-gcc/4.8.3-2014q1/bin/../lib/gcc/arm-none-eabi/4.8.3/../../../../arm-none-eabi/lib/armv7-m/libc.a(lib_a-syskill.o)
                0x000000000008666c                kill
 .text.__sprint_r.part.0
                0x000000000008667c       0x78 /Users/andrei/Library/Arduino15/packages/arduino/tools/arm-none-eabi-gcc/4.8.3-2014q1/bin/../lib/gcc/arm-none-eabi/4.8.3/../../../../arm-none-eabi/lib/armv7-m/libc.a(lib_a-vfiprintf.o)
 .text._vfiprintf_r
                0x00000000000866f4      0xc54 /Users/andrei/Library/Arduino15/packages/arduino/tools/arm-none-eabi-gcc/4.8.3-2014q1/bin/../lib/gcc/arm-none-eabi/4.8.3/../../../../arm-none-eabi/lib/armv7-m/libc.a(lib_a-vfiprintf.o)
                0x00000000000866f4                _vfiprintf_r
 .text.__sbprintf
                0x0000000000087348       0x7c /Users/andrei/Library/Arduino15/packages/arduino/tools/arm-none-eabi-gcc/4.8.3-2014q1/bin/../lib/gcc/arm-none-eabi/4.8.3/../../../../arm-none-eabi/lib/armv7-m/libc.a(lib_a-vfiprintf.o)
 .text.__swsetup_r
                0x00000000000873c4       0xc4 /Users/andrei/Library/Arduino15/packages/arduino/tools/arm-none-eabi-gcc/4.8.3-2014q1/bin/../lib/gcc/arm-none-eabi/4.8.3/../../../../arm-none-eabi/lib/armv7-m/libc.a(lib_a-wsetup.o)
                0x00000000000873c4                __swsetup_r
 .text.startup.register_fini
                0x0000000000087488       0x14 /Users/andrei/Library/Arduino15/packages/arduino/tools/arm-none-eabi-gcc/4.8.3-2014q1/bin/../lib/gcc/arm-none-eabi/4.8.3/../../../../arm-none-eabi/lib/armv7-m/libc.a(lib_a-__call_atexit.o)
 .text.abort    0x000000000008749c       0x10 /Users/andrei/Library/Arduino15/packages/arduino/tools/arm-none-eabi-gcc/4.8.3-2014q1/bin/../lib/gcc/arm-none-eabi/4.8.3/../../../../arm-none-eabi/lib/armv7-m/libc.a(lib_a-abort.o)
                0x000000000008749c                abort
 .text.atexit   0x00000000000874ac        0xc /Users/andrei/Library/Arduino15/packages/arduino/tools/arm-none-eabi-gcc/4.8.3-2014q1/bin/../lib/gcc/arm-none-eabi/4.8.3/../../../../arm-none-eabi/lib/armv7-m/libc.a(lib_a-atexit.o)
                0x00000000000874ac                atexit
 .text.__sflush_r
                0x00000000000874b8      0x148 /Users/andrei/Library/Arduino15/packages/arduino/tools/arm-none-eabi-gcc/4.8.3-2014q1/bin/../lib/gcc/arm-none-eabi/4.8.3/../../../../arm-none-eabi/lib/armv7-m/libc.a(lib_a-fflush.o)
                0x00000000000874b8                __sflush_r
 .text._fflush_r
                0x0000000000087600       0x2c /Users/andrei/Library/Arduino15/packages/arduino/tools/arm-none-eabi-gcc/4.8.3-2014q1/bin/../lib/gcc/arm-none-eabi/4.8.3/../../../../arm-none-eabi/lib/armv7-m/libc.a(lib_a-fflush.o)
                0x0000000000087600                _fflush_r
 .text._cleanup_r
                0x000000000008762c        0xc /Users/andrei/Library/Arduino15/packages/arduino/tools/arm-none-eabi-gcc/4.8.3-2014q1/bin/../lib/gcc/arm-none-eabi/4.8.3/../../../../arm-none-eabi/lib/armv7-m/libc.a(lib_a-findfp.o)
                0x000000000008762c                _cleanup_r
 .text.__sinit  0x0000000000087638       0xf4 /Users/andrei/Library/Arduino15/packages/arduino/tools/arm-none-eabi-gcc/4.8.3-2014q1/bin/../lib/gcc/arm-none-eabi/4.8.3/../../../../arm-none-eabi/lib/armv7-m/libc.a(lib_a-findfp.o)
                0x0000000000087638                __sinit
 .text.__sfp_lock_acquire
                0x000000000008772c        0x4 /Users/andrei/Library/Arduino15/packages/arduino/tools/arm-none-eabi-gcc/4.8.3-2014q1/bin/../lib/gcc/arm-none-eabi/4.8.3/../../../../arm-none-eabi/lib/armv7-m/libc.a(lib_a-findfp.o)
                0x000000000008772c                __sfp_lock_acquire
 .text.__sfp_lock_release
                0x0000000000087730        0x4 /Users/andrei/Library/Arduino15/packages/arduino/tools/arm-none-eabi-gcc/4.8.3-2014q1/bin/../lib/gcc/arm-none-eabi/4.8.3/../../../../arm-none-eabi/lib/armv7-m/libc.a(lib_a-findfp.o)
                0x0000000000087730                __sfp_lock_release
 .text.__libc_fini_array
                0x0000000000087734       0x30 /Users/andrei/Library/Arduino15/packages/arduino/tools/arm-none-eabi-gcc/4.8.3-2014q1/bin/../lib/gcc/arm-none-eabi/4.8.3/../../../../arm-none-eabi/lib/armv7-m/libc.a(lib_a-fini.o)
                0x0000000000087734                __libc_fini_array
 .text._fputwc_r
                0x0000000000087764       0xc0 /Users/andrei/Library/Arduino15/packages/arduino/tools/arm-none-eabi-gcc/4.8.3-2014q1/bin/../lib/gcc/arm-none-eabi/4.8.3/../../../../arm-none-eabi/lib/armv7-m/libc.a(lib_a-fputwc.o)
                0x0000000000087764                _fputwc_r
 .text._malloc_trim_r
                0x0000000000087824       0x9c /Users/andrei/Library/Arduino15/packages/arduino/tools/arm-none-eabi-gcc/4.8.3-2014q1/bin/../lib/gcc/arm-none-eabi/4.8.3/../../../../arm-none-eabi/lib/armv7-m/libc.a(lib_a-freer.o)
                0x0000000000087824                _malloc_trim_r
 .text._free_r  0x00000000000878c0      0x198 /Users/andrei/Library/Arduino15/packages/arduino/tools/arm-none-eabi-gcc/4.8.3-2014q1/bin/../lib/gcc/arm-none-eabi/4.8.3/../../../../arm-none-eabi/lib/armv7-m/libc.a(lib_a-freer.o)
                0x00000000000878c0                _free_r
 .text.__sfvwrite_r
                0x0000000000087a58      0x314 /Users/andrei/Library/Arduino15/packages/arduino/tools/arm-none-eabi-gcc/4.8.3-2014q1/bin/../lib/gcc/arm-none-eabi/4.8.3/../../../../arm-none-eabi/lib/armv7-m/libc.a(lib_a-fvwrite.o)
                0x0000000000087a58                __sfvwrite_r
 .text._fwalk   0x0000000000087d6c       0x48 /Users/andrei/Library/Arduino15/packages/arduino/tools/arm-none-eabi-gcc/4.8.3-2014q1/bin/../lib/gcc/arm-none-eabi/4.8.3/../../../../arm-none-eabi/lib/armv7-m/libc.a(lib_a-fwalk.o)
                0x0000000000087d6c                _fwalk
 .text.__locale_charset
                0x0000000000087db4        0x8 /Users/andrei/Library/Arduino15/packages/arduino/tools/arm-none-eabi-gcc/4.8.3-2014q1/bin/../lib/gcc/arm-none-eabi/4.8.3/../../../../arm-none-eabi/lib/armv7-m/libc.a(lib_a-locale.o)
                0x0000000000087db4                __locale_charset
 .text.__locale_mb_cur_max
                0x0000000000087dbc        0xc /Users/andrei/Library/Arduino15/packages/arduino/tools/arm-none-eabi-gcc/4.8.3-2014q1/bin/../lib/gcc/arm-none-eabi/4.8.3/../../../../arm-none-eabi/lib/armv7-m/libc.a(lib_a-locale.o)
                0x0000000000087dbc                __locale_mb_cur_max
 .text.__smakebuf_r
                0x0000000000087dc8       0xe0 /Users/andrei/Library/Arduino15/packages/arduino/tools/arm-none-eabi-gcc/4.8.3-2014q1/bin/../lib/gcc/arm-none-eabi/4.8.3/../../../../arm-none-eabi/lib/armv7-m/libc.a(lib_a-makebuf.o)
                0x0000000000087dc8                __smakebuf_r
 .text.memchr   0x0000000000087ea8       0x94 /Users/andrei/Library/Arduino15/packages/arduino/tools/arm-none-eabi-gcc/4.8.3-2014q1/bin/../lib/gcc/arm-none-eabi/4.8.3/../../../../arm-none-eabi/lib/armv7-m/libc.a(lib_a-memchr-stub.o)
                0x0000000000087ea8                memchr
 .text          0x0000000000087f3c       0xec /Users/andrei/Library/Arduino15/packages/arduino/tools/arm-none-eabi-gcc/4.8.3-2014q1/bin/../lib/gcc/arm-none-eabi/4.8.3/../../../../arm-none-eabi/lib/armv7-m/libc.a(lib_a-memcpy.o)
                0x0000000000087f3c                memcpy
 .text.memmove  0x0000000000088028       0xcc /Users/andrei/Library/Arduino15/packages/arduino/tools/arm-none-eabi-gcc/4.8.3-2014q1/bin/../lib/gcc/arm-none-eabi/4.8.3/../../../../arm-none-eabi/lib/armv7-m/libc.a(lib_a-memmove.o)
                0x0000000000088028                memmove
 .text._realloc_r
                0x00000000000880f4      0x3c0 /Users/andrei/Library/Arduino15/packages/arduino/tools/arm-none-eabi-gcc/4.8.3-2014q1/bin/../lib/gcc/arm-none-eabi/4.8.3/../../../../arm-none-eabi/lib/armv7-m/libc.a(lib_a-reallocr.o)
                0x00000000000880f4                _realloc_r
 .text._raise_r
                0x00000000000884b4       0x58 /Users/andrei/Library/Arduino15/packages/arduino/tools/arm-none-eabi-gcc/4.8.3-2014q1/bin/../lib/gcc/arm-none-eabi/4.8.3/../../../../arm-none-eabi/lib/armv7-m/libc.a(lib_a-signal.o)
                0x00000000000884b4                _raise_r
 .text.raise    0x000000000008850c       0x10 /Users/andrei/Library/Arduino15/packages/arduino/tools/arm-none-eabi-gcc/4.8.3-2014q1/bin/../lib/gcc/arm-none-eabi/4.8.3/../../../../arm-none-eabi/lib/armv7-m/libc.a(lib_a-signal.o)
                0x000000000008850c                raise
 .text._kill_r  0x000000000008851c       0x28 /Users/andrei/Library/Arduino15/packages/arduino/tools/arm-none-eabi-gcc/4.8.3-2014q1/bin/../lib/gcc/arm-none-eabi/4.8.3/../../../../arm-none-eabi/lib/armv7-m/libc.a(lib_a-signalr.o)
                0x000000000008851c                _kill_r
 .text._getpid_r
                0x0000000000088544        0x4 /Users/andrei/Library/Arduino15/packages/arduino/tools/arm-none-eabi-gcc/4.8.3-2014q1/bin/../lib/gcc/arm-none-eabi/4.8.3/../../../../arm-none-eabi/lib/armv7-m/libc.a(lib_a-signalr.o)
                0x0000000000088544                _getpid_r
 .text.__sread  0x0000000000088548       0x24 /Users/andrei/Library/Arduino15/packages/arduino/tools/arm-none-eabi-gcc/4.8.3-2014q1/bin/../lib/gcc/arm-none-eabi/4.8.3/../../../../arm-none-eabi/lib/armv7-m/libc.a(lib_a-stdio.o)
                0x0000000000088548                __sread
 .text.__swrite